Archive member included to satisfy reference by file (symbol)

c:/users/sundra/.platformio/packages/toolchain-gccarmnoneeabi@1.70201.0/bin/../lib/gcc/arm-none-eabi/7.2.1/thumb/v6-m\libgcc.a(_thumb1_case_uqi.o)
                              .pio\build\raspberry-pi-pico\sdk\SDK\pico\usb\device\usbd.o (__gnu_thumb1_case_uqi)
c:/users/sundra/.platformio/packages/toolchain-gccarmnoneeabi@1.70201.0/bin/../lib/gcc/arm-none-eabi/7.2.1/thumb/v6-m\libgcc.a(_thumb1_case_shi.o)
                              .pio\build\raspberry-pi-pico\sdk\SDK\pico\usb\device\usbd.o (__gnu_thumb1_case_shi)
c:/users/sundra/.platformio/packages/toolchain-gccarmnoneeabi@1.70201.0/bin/../lib/gcc/arm-none-eabi/7.2.1/thumb/v6-m\libgcc.a(_thumb1_case_uhi.o)
                              .pio\build\raspberry-pi-pico\sdk\SDK\pico\usb\device\usbd.o (__gnu_thumb1_case_uhi)
c:/users/sundra/.platformio/packages/toolchain-gccarmnoneeabi@1.70201.0/bin/../lib/gcc/arm-none-eabi/7.2.1/thumb/v6-m\libgcc.a(_udivsi3.o)
                              .pio\build\raspberry-pi-pico\sdk\wizio\newlib\time.o (__aeabi_uidiv)
c:/users/sundra/.platformio/packages/toolchain-gccarmnoneeabi@1.70201.0/bin/../lib/gcc/arm-none-eabi/7.2.1/thumb/v6-m\libgcc.a(_divsi3.o)
                              .pio\build\raspberry-pi-pico\src\console.o (__aeabi_idiv)
c:/users/sundra/.platformio/packages/toolchain-gccarmnoneeabi@1.70201.0/bin/../lib/gcc/arm-none-eabi/7.2.1/thumb/v6-m\libgcc.a(_dvmd_tls.o)
                              c:/users/sundra/.platformio/packages/toolchain-gccarmnoneeabi@1.70201.0/bin/../lib/gcc/arm-none-eabi/7.2.1/thumb/v6-m\libgcc.a(_udivsi3.o) (__aeabi_idiv0)
c:/users/sundra/.platformio/packages/toolchain-gccarmnoneeabi@1.70201.0/bin/../lib/gcc/arm-none-eabi/7.2.1/thumb/v6-m\libgcc.a(_ctzsi2.o)
                              .pio\build\raspberry-pi-pico\sdk\SDK\hardware\pio.o (__ctzsi2)
c:/users/sundra/.platformio/packages/toolchain-gccarmnoneeabi@1.70201.0/bin/../lib/gcc/arm-none-eabi/7.2.1/thumb/v6-m\libgcc.a(_aeabi_uldivmod.o)
                              .pio\build\raspberry-pi-pico\sdk\wizio\newlib\time.o (__aeabi_uldivmod)
c:/users/sundra/.platformio/packages/toolchain-gccarmnoneeabi@1.70201.0/bin/../lib/gcc/arm-none-eabi/7.2.1/thumb/v6-m\libgcc.a(_muldi3.o)
                              .pio\build\raspberry-pi-pico\sdk\SDK\hardware\timer.o (__aeabi_lmul)
c:/users/sundra/.platformio/packages/toolchain-gccarmnoneeabi@1.70201.0/bin/../lib/gcc/arm-none-eabi/7.2.1/thumb/v6-m\libgcc.a(_fixunssfsi.o)
                              .pio\build\raspberry-pi-pico\src\main.o (__aeabi_f2uiz)
c:/users/sundra/.platformio/packages/toolchain-gccarmnoneeabi@1.70201.0/bin/../lib/gcc/arm-none-eabi/7.2.1/thumb/v6-m\libgcc.a(_udivmoddi4.o)
                              c:/users/sundra/.platformio/packages/toolchain-gccarmnoneeabi@1.70201.0/bin/../lib/gcc/arm-none-eabi/7.2.1/thumb/v6-m\libgcc.a(_aeabi_uldivmod.o) (__udivmoddi4)
c:/users/sundra/.platformio/packages/toolchain-gccarmnoneeabi@1.70201.0/bin/../lib/gcc/arm-none-eabi/7.2.1/thumb/v6-m\libgcc.a(divsf3.o)
                              .pio\build\raspberry-pi-pico\src\main.o (__aeabi_fdiv)
c:/users/sundra/.platformio/packages/toolchain-gccarmnoneeabi@1.70201.0/bin/../lib/gcc/arm-none-eabi/7.2.1/thumb/v6-m\libgcc.a(mulsf3.o)
                              .pio\build\raspberry-pi-pico\src\main.o (__aeabi_fmul)
c:/users/sundra/.platformio/packages/toolchain-gccarmnoneeabi@1.70201.0/bin/../lib/gcc/arm-none-eabi/7.2.1/thumb/v6-m\libgcc.a(subsf3.o)
                              .pio\build\raspberry-pi-pico\src\main.o (__aeabi_fsub)
c:/users/sundra/.platformio/packages/toolchain-gccarmnoneeabi@1.70201.0/bin/../lib/gcc/arm-none-eabi/7.2.1/thumb/v6-m\libgcc.a(fixsfsi.o)
                              c:/users/sundra/.platformio/packages/toolchain-gccarmnoneeabi@1.70201.0/bin/../lib/gcc/arm-none-eabi/7.2.1/thumb/v6-m\libgcc.a(_fixunssfsi.o) (__aeabi_f2iz)
c:/users/sundra/.platformio/packages/toolchain-gccarmnoneeabi@1.70201.0/bin/../lib/gcc/arm-none-eabi/7.2.1/thumb/v6-m\libgcc.a(floatunsisf.o)
                              .pio\build\raspberry-pi-pico\src\main.o (__aeabi_ui2f)
c:/users/sundra/.platformio/packages/toolchain-gccarmnoneeabi@1.70201.0/bin/../lib/gcc/arm-none-eabi/7.2.1/thumb/v6-m\libgcc.a(_arm_cmpsf2.o)
                              c:/users/sundra/.platformio/packages/toolchain-gccarmnoneeabi@1.70201.0/bin/../lib/gcc/arm-none-eabi/7.2.1/thumb/v6-m\libgcc.a(_fixunssfsi.o) (__aeabi_fcmpge)
c:/users/sundra/.platformio/packages/toolchain-gccarmnoneeabi@1.70201.0/bin/../lib/gcc/arm-none-eabi/7.2.1/thumb/v6-m\libgcc.a(_clzsi2.o)
                              c:/users/sundra/.platformio/packages/toolchain-gccarmnoneeabi@1.70201.0/bin/../lib/gcc/arm-none-eabi/7.2.1/thumb/v6-m\libgcc.a(divsf3.o) (__clzsi2)
c:/users/sundra/.platformio/packages/toolchain-gccarmnoneeabi@1.70201.0/bin/../lib/gcc/arm-none-eabi/7.2.1/thumb/v6-m\libgcc.a(_clzdi2.o)
[...]
Memory Configuration

Name             Origin             Length             Attributes
FLASH            0x10000000         0x00200000         xr
RAM              0x20000000         0x00040000         xrw
SCRATCH_X        0x20040000         0x00001000         xrw
SCRATCH_Y        0x20041000         0x00001000         xrw
*default*        0x00000000         0xffffffff

Linker script and memory map

LOAD .pio\build\raspberry-pi-pico\sdk\wizio\newlib\lock.o
LOAD .pio\build\raspberry-pi-pico\sdk\wizio\newlib\syscall.o
LOAD .pio\build\raspberry-pi-pico\sdk\wizio\newlib\time.o
LOAD .pio\build\raspberry-pi-pico\sdk\wizio\pico\crt0.o
LOAD .pio\build\raspberry-pi-pico\sdk\wizio\pico\memory.o
LOAD .pio\build\raspberry-pi-pico\sdk\wizio\pico\wizio.o
LOAD .pio\build\raspberry-pi-pico\sdk\wizio\boot\boot2.o
LOAD .pio\build\raspberry-pi-pico\sdk\SDK\pico\pico_stdio\stdio.o
LOAD .pio\build\raspberry-pi-pico\sdk\SDK\pico\pico_stdio_usb\reset_interface.o
LOAD .pio\build\raspberry-pi-pico\sdk\SDK\pico\pico_stdio_usb\stdio_usb.o
LOAD .pio\build\raspberry-pi-pico\sdk\SDK\pico\pico_stdio_usb\stdio_usb_descriptors.o
LOAD .pio\build\raspberry-pi-pico\sdk\SDK\pico\pico_stdio_uart\stdio_uart.o
LOAD .pio\build\raspberry-pi-pico\sdk\SDK\pico\usb\common\tusb_fifo.o
LOAD .pio\build\raspberry-pi-pico\sdk\SDK\pico\usb\portable\raspberrypi\rp2040\dcd_rp2040.o
LOAD .pio\build\raspberry-pi-pico\sdk\SDK\pico\usb\portable\raspberrypi\rp2040\hcd_rp2040.o
LOAD .pio\build\raspberry-pi-pico\sdk\SDK\pico\usb\portable\raspberrypi\rp2040\rp2040_usb.o
LOAD .pio\build\raspberry-pi-pico\sdk\SDK\pico\usb\tusb.o
LOAD .pio\build\raspberry-pi-pico\sdk\SDK\pico\usb\class\cdc\cdc_device.o
LOAD .pio\build\raspberry-pi-pico\sdk\SDK\pico\usb\class\cdc\cdc_host.o
LOAD .pio\build\raspberry-pi-pico\sdk\SDK\pico\usb\class\cdc\cdc_rndis_host.o
LOAD .pio\build\raspberry-pi-pico\sdk\SDK\pico\usb\device\usbd.o
LOAD .pio\build\raspberry-pi-pico\sdk\SDK\pico\usb\device\usbd_control.o
LOAD .pio\build\raspberry-pi-pico\sdk\SDK\cmsis\src\system_RP2040.o
LOAD .pio\build\raspberry-pi-pico\sdk\SDK\hardware\adc.o
LOAD .pio\build\raspberry-pi-pico\sdk\SDK\hardware\claim.o
LOAD .pio\build\raspberry-pi-pico\sdk\SDK\hardware\clocks.o
LOAD .pio\build\raspberry-pi-pico\sdk\SDK\hardware\divider.o
LOAD .pio\build\raspberry-pi-pico\sdk\SDK\hardware\dma.o
LOAD .pio\build\raspberry-pi-pico\sdk\SDK\hardware\exception.o
LOAD .pio\build\raspberry-pi-pico\sdk\SDK\hardware\flash.o
LOAD .pio\build\raspberry-pi-pico\sdk\SDK\hardware\gpio.o
LOAD .pio\build\raspberry-pi-pico\sdk\SDK\hardware\i2c.o
LOAD .pio\build\raspberry-pi-pico\sdk\SDK\hardware\interp.o
LOAD .pio\build\raspberry-pi-pico\sdk\SDK\hardware\irq.o
LOAD .pio\build\raspberry-pi-pico\sdk\SDK\hardware\irq_handler_chain.o
LOAD .pio\build\raspberry-pi-pico\sdk\SDK\hardware\pio.o
LOAD .pio\build\raspberry-pi-pico\sdk\SDK\hardware\pll.o
LOAD .pio\build\raspberry-pi-pico\sdk\SDK\hardware\rtc.o
LOAD .pio\build\raspberry-pi-pico\sdk\SDK\hardware\spi.o
LOAD .pio\build\raspberry-pi-pico\sdk\SDK\hardware\sync.o
LOAD .pio\build\raspberry-pi-pico\sdk\SDK\hardware\timer.o
LOAD .pio\build\raspberry-pi-pico\sdk\SDK\hardware\uart.o
LOAD .pio\build\raspberry-pi-pico\sdk\SDK\hardware\vreg.o
LOAD .pio\build\raspberry-pi-pico\sdk\SDK\hardware\watchdog.o
LOAD .pio\build\raspberry-pi-pico\sdk\SDK\hardware\xosc.o
LOAD .pio\build\raspberry-pi-pico\sdk\SDK\include\hardware\divider_helper.o
LOAD .pio\build\raspberry-pi-pico\sdk\SDK\include\pico\asm_helper.o
LOAD .pio\build\raspberry-pi-pico\sdk\SDK\pico\pico_bootrom\bootrom.o
LOAD .pio\build\raspberry-pi-pico\sdk\SDK\pico\pico_bootsel_via_double_reset\pico_bootsel_via_double_reset.o
LOAD .pio\build\raspberry-pi-pico\sdk\SDK\pico\pico_fix\rp2040_usb_device_enumeration\rp2040_usb_device_enumeration.o
LOAD .pio\build\raspberry-pi-pico\sdk\SDK\pico\pico_malloc\pico_malloc.o
LOAD .pio\build\raspberry-pi-pico\sdk\SDK\pico\pico_multicore\multicore.o
LOAD .pio\build\raspberry-pi-pico\sdk\SDK\pico\pico_platform\platform.o
LOAD .pio\build\raspberry-pi-pico\sdk\SDK\pico\pico_runtime\runtime.o
LOAD .pio\build\raspberry-pi-pico\sdk\SDK\pico\pico_standard_link\binary_info.o
LOAD .pio\build\raspberry-pi-pico\sdk\SDK\pico\pico_standard_link\new_delete.o
LOAD .pio\build\raspberry-pi-pico\sdk\SDK\pico\pico_stdlib\stdlib.o
LOAD .pio\build\raspberry-pi-pico\sdk\SDK\pico\pico_sync\critical_section.o
LOAD .pio\build\raspberry-pi-pico\sdk\SDK\pico\pico_sync\lock_core.o
LOAD .pio\build\raspberry-pi-pico\sdk\SDK\pico\pico_sync\mutex.o
LOAD .pio\build\raspberry-pi-pico\sdk\SDK\pico\pico_sync\sem.o
LOAD .pio\build\raspberry-pi-pico\sdk\SDK\pico\pico_time\time.o
LOAD .pio\build\raspberry-pi-pico\sdk\SDK\pico\pico_time\timeout_helper.o
LOAD .pio\build\raspberry-pi-pico\sdk\SDK\pico\pico_unique_id\unique_id.o
LOAD .pio\build\raspberry-pi-pico\sdk\SDK\pico\pico_util\datetime.o
LOAD .pio\build\raspberry-pi-pico\sdk\SDK\pico\pico_util\pheap.o
LOAD .pio\build\raspberry-pi-pico\sdk\SDK\pico\pico_util\queue.o
LOAD .pio\build\raspberry-pi-pico\src\console.o
LOAD .pio\build\raspberry-pi-pico\src\consoleCommands.o
LOAD .pio\build\raspberry-pi-pico\src\consoleIo.o
LOAD .pio\build\raspberry-pi-pico\src\encoders.o
LOAD .pio\build\raspberry-pi-pico\src\main.o
LOAD .pio\build\raspberry-pi-pico\src\utils.o
LOAD .pio\build\raspberry-pi-pico\src\ws2812.o
START GROUP
LOAD c:/users/sundra/.platformio/packages/toolchain-gccarmnoneeabi@1.70201.0/bin/../lib/gcc/arm-none-eabi/7.2.1/thumb/v6-m\libgcc.a
END GROUP
LOAD c:/users/sundra/.platformio/packages/toolchain-gccarmnoneeabi@1.70201.0/bin/../lib/gcc/arm-none-eabi/7.2.1/../../../../arm-none-eabi/lib/thumb/v6-m\libstdc++_nano.a
LOAD c:/users/sundra/.platformio/packages/toolchain-gccarmnoneeabi@1.70201.0/bin/../lib/gcc/arm-none-eabi/7.2.1/../../../../arm-none-eabi/lib/thumb/v6-m\libm.a
START GROUP
LOAD c:/users/sundra/.platformio/packages/toolchain-gccarmnoneeabi@1.70201.0/bin/../lib/gcc/arm-none-eabi/7.2.1/thumb/v6-m\libgcc.a
LOAD c:/users/sundra/.platformio/packages/toolchain-gccarmnoneeabi@1.70201.0/bin/../lib/gcc/arm-none-eabi/7.2.1/../../../../arm-none-eabi/lib/thumb/v6-m\libc_nano.a
END GROUP
START GROUP
LOAD c:/users/sundra/.platformio/packages/toolchain-gccarmnoneeabi@1.70201.0/bin/../lib/gcc/arm-none-eabi/7.2.1/thumb/v6-m\libgcc.a
LOAD c:/users/sundra/.platformio/packages/toolchain-gccarmnoneeabi@1.70201.0/bin/../lib/gcc/arm-none-eabi/7.2.1/../../../../arm-none-eabi/lib/thumb/v6-m\libc_nano.a
END GROUP

.flash_begin    0x10000000        0x0
                0x10000000                __flash_binary_start = .

.boot2          0x10000000      0x100
                0x10000000                __boot2_start__ = .
 *(.boot2)
 .boot2         0x10000000      0x100 .pio\build\raspberry-pi-pico\sdk\wizio\boot\boot2.o
                0x10000100                __boot2_end__ = .
                0x00000001                ASSERT (((__boot2_end__ - __boot2_start__) == 0x100), ERROR: Pico second stage bootloader must be 256 bytes in size)

.text           0x10000100     0x8b30
                0x10000100                __logical_binary_start = .
 *(.vectors)
 .vectors       0x10000100       0xd4 .pio\build\raspberry-pi-pico\sdk\wizio\pico\crt0.o
                0x10000100                __vectors
                0x100001c0                isr_invalid
                0x100001c2                isr_nmi
                0x100001c4                isr_hardfault
                0x100001c6                isr_svcall
                0x100001c8                isr_pendsv
                0x100001ca                isr_systick
                0x100001cc                isr_irq11
                0x100001cc                isr_irq5
                0x100001cc                isr_irq23
                0x100001cc                isr_irq18
                0x100001cc                isr_irq31
                0x100001cc                isr_irq28
                0x100001cc                isr_irq19
                0x100001cc                isr_irq0
                0x100001cc                isr_irq6
                0x100001cc                isr_irq27
                0x100001cc                isr_irq12
                0x100001cc                isr_irq22
                0x100001cc                isr_irq13
                0x100001cc                isr_irq17
                0x100001cc                isr_irq14
                0x100001cc                isr_irq2
                0x100001cc                isr_irq10
                0x100001cc                isr_irq8
                0x100001cc                isr_irq24
                0x100001cc                isr_irq1
                0x100001cc                isr_irq7
                0x100001cc                isr_irq21
                0x100001cc                isr_irq20
                0x100001cc                isr_irq15
                0x100001cc                isr_irq25
                0x100001cc                __unhandled_user_irq
                0x100001cc                isr_irq4
                0x100001cc                isr_irq16
                0x100001cc                isr_irq29
                0x100001cc                isr_irq26
                0x100001cc                isr_irq3
                0x100001cc                isr_irq30
                0x100001cc                isr_irq9
                0x100001d2                unhandled_user_irq_num_in_r0
 *(.binary_info_header)
 .binary_info_header
                0x100001d4       0x14 .pio\build\raspberry-pi-pico\sdk\wizio\pico\crt0.o
                0x100001e8                __binary_info_header_end = .
 *(.reset)
 .reset         0x100001e8       0xb0 .pio\build\raspberry-pi-pico\sdk\wizio\pico\crt0.o
                0x100001e8                _entry_point
                0x1000026a                __get_current_exception
 .reset         0x10000298       0x24 .pio\build\raspberry-pi-pico\sdk\SDK\pico\pico_standard_link\binary_info.o
 *(.init)
 *(EXCLUDE_FILE(*libm.a: *libc.a:*lib_a-mem*.o *libgcc.a:) .text*)
 .text._isatty  0x100002bc        0xc .pio\build\raspberry-pi-pico\sdk\wizio\newlib\syscall.o
                0x100002bc                _isatty
 .text._lseek_r
                0x100002c8        0xe .pio\build\raspberry-pi-pico\sdk\wizio\newlib\syscall.o
                0x100002c8                _lseek_r
 .text._fstat_r
                0x100002d6        0xe .pio\build\raspberry-pi-pico\sdk\wizio\newlib\syscall.o
                0x100002d6                _fstat_r
 .text._close_r
                0x100002e4        0xe .pio\build\raspberry-pi-pico\sdk\wizio\newlib\syscall.o
                0x100002e4                _close_r
 *fill*         0x100002f2        0x2 
 .text._write_r
                0x100002f4       0x44 .pio\build\raspberry-pi-pico\sdk\wizio\newlib\syscall.o
                0x100002f4                _write_r
 .text._read_r  0x10000338       0x44 .pio\build\raspberry-pi-pico\sdk\wizio\newlib\syscall.o
                0x10000338                _read_r
 .text.system_init
                0x1000037c       0x30 .pio\build\raspberry-pi-pico\sdk\wizio\newlib\syscall.o
                0x1000037c                system_init
 .text.include_time
                0x100003ac        0x2 .pio\build\raspberry-pi-pico\sdk\wizio\newlib\time.o
                0x100003ac                include_time
 .text          0x100003ae        0x2 .pio\build\raspberry-pi-pico\sdk\wizio\boot\boot2.o
                0x100003ae                include_bootloader
 .text.stdio_get_until
                0x100003b0       0x64 .pio\build\raspberry-pi-pico\sdk\SDK\pico\pico_stdio\stdio.o
 .text.stdio_out_chars_crlf.part.0
                0x10000414       0x70 .pio\build\raspberry-pi-pico\sdk\SDK\pico\pico_stdio\stdio.o
 .text.stdout_serialize_begin
                0x10000484       0x2c .pio\build\raspberry-pi-pico\sdk\SDK\pico\pico_stdio\stdio.o
                0x10000484                stdout_serialize_begin
 .text.stdout_serialize_end
                0x100004b0       0x10 .pio\build\raspberry-pi-pico\sdk\SDK\pico\pico_stdio\stdio.o
                0x100004b0                stdout_serialize_end
 .text.stdio_put_string
                0x100004c0       0x94 .pio\build\raspberry-pi-pico\sdk\SDK\pico\pico_stdio\stdio.o
 .text._read    0x10000554       0x24 .pio\build\raspberry-pi-pico\sdk\SDK\pico\pico_stdio\stdio.o
                0x10000554                _read
 .text._write   0x10000578       0x1e .pio\build\raspberry-pi-pico\sdk\SDK\pico\pico_stdio\stdio.o
                0x10000578                _write
 *fill*         0x10000596        0x2 
 .text.stdio_set_driver_enabled
                0x10000598       0x38 .pio\build\raspberry-pi-pico\sdk\SDK\pico\pico_stdio\stdio.o
                0x10000598                stdio_set_driver_enabled
 .text.stdio_init_all
                0x100005d0        0xc .pio\build\raspberry-pi-pico\sdk\SDK\pico\pico_stdio\stdio.o
                0x100005d0                stdio_init_all
 .text.getchar_timeout_us
                0x100005dc       0x32 .pio\build\raspberry-pi-pico\sdk\SDK\pico\pico_stdio\stdio.o
                0x100005dc                getchar_timeout_us
 *fill*         0x1000060e        0x2 
 .text.tud_cdc_line_coding_cb
                0x10000610       0x34 .pio\build\raspberry-pi-pico\sdk\SDK\pico\pico_stdio_usb\reset_interface.o
                0x10000610                tud_cdc_line_coding_cb
 .text.timer_task
                0x10000644       0x10 .pio\build\raspberry-pi-pico\sdk\SDK\pico\pico_stdio_usb\stdio_usb.o
 .text.low_priority_worker_irq
                0x10000654       0x20 .pio\build\raspberry-pi-pico\sdk\SDK\pico\pico_stdio_usb\stdio_usb.o
 .text.stdio_usb_in_chars
                0x10000674       0x64 .pio\build\raspberry-pi-pico\sdk\SDK\pico\pico_stdio_usb\stdio_usb.o
                0x10000674                stdio_usb_in_chars
 .text.stdio_usb_out_chars
                0x100006d8       0xd8 .pio\build\raspberry-pi-pico\sdk\SDK\pico\pico_stdio_usb\stdio_usb.o
 .text.stdio_usb_init
                0x100007b0       0x88 .pio\build\raspberry-pi-pico\sdk\SDK\pico\pico_stdio_usb\stdio_usb.o
                0x100007b0                stdio_usb_init
 .text.tud_descriptor_device_cb
                0x10000838        0x8 .pio\build\raspberry-pi-pico\sdk\SDK\pico\pico_stdio_usb\stdio_usb_descriptors.o
                0x10000838                tud_descriptor_device_cb
 .text.tud_descriptor_configuration_cb
                0x10000840        0x8 .pio\build\raspberry-pi-pico\sdk\SDK\pico\pico_stdio_usb\stdio_usb_descriptors.o
                0x10000840                tud_descriptor_configuration_cb
 .text.tud_descriptor_string_cb
                0x10000848       0x68 .pio\build\raspberry-pi-pico\sdk\SDK\pico\pico_stdio_usb\stdio_usb_descriptors.o
                0x10000848                tud_descriptor_string_cb
 .text.stdio_uart_in_chars
                0x100008b0       0x34 .pio\build\raspberry-pi-pico\sdk\SDK\pico\pico_stdio_uart\stdio_uart.o
                0x100008b0                stdio_uart_in_chars
 .text.stdio_uart_out_chars
                0x100008e4       0x4c .pio\build\raspberry-pi-pico\sdk\SDK\pico\pico_stdio_uart\stdio_uart.o
 .text.stdio_uart_init_full
                0x10000930       0x38 .pio\build\raspberry-pi-pico\sdk\SDK\pico\pico_stdio_uart\stdio_uart.o
                0x10000930                stdio_uart_init_full
 .text.stdio_uart_init
                0x10000968       0x28 .pio\build\raspberry-pi-pico\sdk\SDK\pico\pico_stdio_uart\stdio_uart.o
                0x10000968                stdio_uart_init
 .text.advance_pointer
                0x10000990       0x1c .pio\build\raspberry-pi-pico\sdk\SDK\pico\usb\common\tusb_fifo.o
 .text.get_relative_pointer
                0x100009ac       0x16 .pio\build\raspberry-pi-pico\sdk\SDK\pico\usb\common\tusb_fifo.o
 .text.tu_fifo_unlock
                0x100009c2        0xe .pio\build\raspberry-pi-pico\sdk\SDK\pico\usb\common\tusb_fifo.o
 .text._tu_fifo_peek_at_n
                0x100009d0       0x9e .pio\build\raspberry-pi-pico\sdk\SDK\pico\usb\common\tusb_fifo.o
 .text.tu_fifo_lock
                0x10000a6e       0x12 .pio\build\raspberry-pi-pico\sdk\SDK\pico\usb\common\tusb_fifo.o
 .text._tu_fifo_peek_at
                0x10000a80       0x5c .pio\build\raspberry-pi-pico\sdk\SDK\pico\usb\common\tusb_fifo.o
 .text.tu_fifo_config
                0x10000adc       0x46 .pio\build\raspberry-pi-pico\sdk\SDK\pico\usb\common\tusb_fifo.o
                0x10000adc                tu_fifo_config
 .text.tu_fifo_count
                0x10000b22       0x1a .pio\build\raspberry-pi-pico\sdk\SDK\pico\usb\common\tusb_fifo.o
                0x10000b22                tu_fifo_count
 .text.tu_fifo_remaining
                0x10000b3c       0x20 .pio\build\raspberry-pi-pico\sdk\SDK\pico\usb\common\tusb_fifo.o
                0x10000b3c                tu_fifo_remaining
 .text.tu_fifo_read
                0x10000b5c       0x36 .pio\build\raspberry-pi-pico\sdk\SDK\pico\usb\common\tusb_fifo.o
                0x10000b5c                tu_fifo_read
 .text.tu_fifo_read_n
                0x10000b92       0x3a .pio\build\raspberry-pi-pico\sdk\SDK\pico\usb\common\tusb_fifo.o
                0x10000b92                tu_fifo_read_n
 .text.tu_fifo_write
                0x10000bcc       0x5a .pio\build\raspberry-pi-pico\sdk\SDK\pico\usb\common\tusb_fifo.o
                0x10000bcc                tu_fifo_write
 .text.tu_fifo_write_n
                0x10000c26       0xac .pio\build\raspberry-pi-pico\sdk\SDK\pico\usb\common\tusb_fifo.o
                0x10000c26                tu_fifo_write_n
 .text.tu_fifo_clear
                0x10000cd2       0x18 .pio\build\raspberry-pi-pico\sdk\SDK\pico\usb\common\tusb_fifo.o
                0x10000cd2                tu_fifo_clear
 *fill*         0x10000cea        0x2 
 .text._hw_endpoint_alloc
                0x10000cec       0x44 .pio\build\raspberry-pi-pico\sdk\SDK\pico\usb\portable\raspberrypi\rp2040\dcd_rp2040.o
 .text.reset_ep0
                0x10000d30       0x1c .pio\build\raspberry-pi-pico\sdk\SDK\pico\usb\portable\raspberrypi\rp2040\dcd_rp2040.o
 .text.dcd_rp2040_irq
                0x10000d4c       0xf0 .pio\build\raspberry-pi-pico\sdk\SDK\pico\usb\portable\raspberrypi\rp2040\dcd_rp2040.o
 .text.dcd_int_enable
                0x10000e3c        0xc .pio\build\raspberry-pi-pico\sdk\SDK\pico\usb\portable\raspberrypi\rp2040\dcd_rp2040.o
                0x10000e3c                dcd_int_enable
 .text.dcd_set_address
                0x10000e48       0x20 .pio\build\raspberry-pi-pico\sdk\SDK\pico\usb\portable\raspberrypi\rp2040\dcd_rp2040.o
                0x10000e48                dcd_set_address
 .text.dcd_connect
                0x10000e68       0x10 .pio\build\raspberry-pi-pico\sdk\SDK\pico\usb\portable\raspberrypi\rp2040\dcd_rp2040.o
                0x10000e68                dcd_connect
 .text.dcd_init
                0x10000e78       0xb0 .pio\build\raspberry-pi-pico\sdk\SDK\pico\usb\portable\raspberrypi\rp2040\dcd_rp2040.o
                0x10000e78                dcd_init
 .text.dcd_edpt0_status_complete
                0x10000f28       0x24 .pio\build\raspberry-pi-pico\sdk\SDK\pico\usb\portable\raspberrypi\rp2040\dcd_rp2040.o
                0x10000f28                dcd_edpt0_status_complete
 .text.dcd_edpt_open
                0x10000f4c       0xfc .pio\build\raspberry-pi-pico\sdk\SDK\pico\usb\portable\raspberrypi\rp2040\dcd_rp2040.o
                0x10000f4c                dcd_edpt_open
 .text.dcd_edpt_xfer
                0x10001048       0x2c .pio\build\raspberry-pi-pico\sdk\SDK\pico\usb\portable\raspberrypi\rp2040\dcd_rp2040.o
                0x10001048                dcd_edpt_xfer
 .text.dcd_edpt_stall
                0x10001074       0x50 .pio\build\raspberry-pi-pico\sdk\SDK\pico\usb\portable\raspberrypi\rp2040\dcd_rp2040.o
                0x10001074                dcd_edpt_stall
 .text.dcd_edpt_clear_stall
                0x100010c4       0x50 .pio\build\raspberry-pi-pico\sdk\SDK\pico\usb\portable\raspberrypi\rp2040\dcd_rp2040.o
                0x100010c4                dcd_edpt_clear_stall
 .text.rp2040_usb_init
                0x10001114       0x50 .pio\build\raspberry-pi-pico\sdk\SDK\pico\usb\portable\raspberrypi\rp2040\rp2040_usb.o
                0x10001114                rp2040_usb_init
 .text.hw_endpoint_reset_transfer
                0x10001164       0x16 .pio\build\raspberry-pi-pico\sdk\SDK\pico\usb\portable\raspberrypi\rp2040\rp2040_usb.o
                0x10001164                hw_endpoint_reset_transfer
 *fill*         0x1000117a        0x2 
 .text._hw_endpoint_buffer_control_update32
                0x1000117c       0x54 .pio\build\raspberry-pi-pico\sdk\SDK\pico\usb\portable\raspberrypi\rp2040\rp2040_usb.o
                0x1000117c                _hw_endpoint_buffer_control_update32
 .text._hw_endpoint_start_next_buffer
                0x100011d0       0x50 .pio\build\raspberry-pi-pico\sdk\SDK\pico\usb\portable\raspberrypi\rp2040\rp2040_usb.o
                0x100011d0                _hw_endpoint_start_next_buffer
 .text._hw_endpoint_xfer_start
                0x10001220       0x42 .pio\build\raspberry-pi-pico\sdk\SDK\pico\usb\portable\raspberrypi\rp2040\rp2040_usb.o
                0x10001220                _hw_endpoint_xfer_start
 .text._hw_endpoint_xfer_sync
                0x10001262       0x3e .pio\build\raspberry-pi-pico\sdk\SDK\pico\usb\portable\raspberrypi\rp2040\rp2040_usb.o
                0x10001262                _hw_endpoint_xfer_sync
 .text._hw_endpoint_xfer_continue
                0x100012a0       0x58 .pio\build\raspberry-pi-pico\sdk\SDK\pico\usb\portable\raspberrypi\rp2040\rp2040_usb.o
                0x100012a0                _hw_endpoint_xfer_continue
 .text._hw_endpoint_xfer
                0x100012f8       0x12 .pio\build\raspberry-pi-pico\sdk\SDK\pico\usb\portable\raspberrypi\rp2040\rp2040_usb.o
                0x100012f8                _hw_endpoint_xfer
 *fill*         0x1000130a        0x2 
 .text.tusb_init
                0x1000130c       0x20 .pio\build\raspberry-pi-pico\sdk\SDK\pico\usb\tusb.o
                0x1000130c                tusb_init
 .text.tusb_inited
                0x1000132c        0xc .pio\build\raspberry-pi-pico\sdk\SDK\pico\usb\tusb.o
                0x1000132c                tusb_inited
 .text._prep_out_transaction
                0x10001338       0x42 .pio\build\raspberry-pi-pico\sdk\SDK\pico\usb\class\cdc\cdc_device.o
 *fill*         0x1000137a        0x2 
 .text.tud_cdc_n_connected
                0x1000137c       0x30 .pio\build\raspberry-pi-pico\sdk\SDK\pico\usb\class\cdc\cdc_device.o
                0x1000137c                tud_cdc_n_connected
 .text.tud_cdc_n_available
                0x100013ac       0x1c .pio\build\raspberry-pi-pico\sdk\SDK\pico\usb\class\cdc\cdc_device.o
                0x100013ac                tud_cdc_n_available
 .text.tud_cdc_n_read
                0x100013c8       0x28 .pio\build\raspberry-pi-pico\sdk\SDK\pico\usb\class\cdc\cdc_device.o
                0x100013c8                tud_cdc_n_read
 .text.tud_cdc_n_write_flush
                0x100013f0       0x7c .pio\build\raspberry-pi-pico\sdk\SDK\pico\usb\class\cdc\cdc_device.o
                0x100013f0                tud_cdc_n_write_flush
 .text.tud_cdc_n_write
                0x1000146c       0x34 .pio\build\raspberry-pi-pico\sdk\SDK\pico\usb\class\cdc\cdc_device.o
                0x1000146c                tud_cdc_n_write
 .text.tud_cdc_n_write_available
                0x100014a0       0x1c .pio\build\raspberry-pi-pico\sdk\SDK\pico\usb\class\cdc\cdc_device.o
                0x100014a0                tud_cdc_n_write_available
 .text.cdcd_init
                0x100014bc       0x78 .pio\build\raspberry-pi-pico\sdk\SDK\pico\usb\class\cdc\cdc_device.o
                0x100014bc                cdcd_init
 .text.cdcd_reset
                0x10001534       0x28 .pio\build\raspberry-pi-pico\sdk\SDK\pico\usb\class\cdc\cdc_device.o
                0x10001534                cdcd_reset
 .text.cdcd_open
                0x1000155c       0xa8 .pio\build\raspberry-pi-pico\sdk\SDK\pico\usb\class\cdc\cdc_device.o
                0x1000155c                cdcd_open
 .text.cdcd_control_complete
                0x10001604       0x44 .pio\build\raspberry-pi-pico\sdk\SDK\pico\usb\class\cdc\cdc_device.o
                0x10001604                cdcd_control_complete
 .text.cdcd_control_request
                0x10001648       0x70 .pio\build\raspberry-pi-pico\sdk\SDK\pico\usb\class\cdc\cdc_device.o
                0x10001648                cdcd_control_request
 .text.cdcd_xfer_cb
                0x100016b8       0xd0 .pio\build\raspberry-pi-pico\sdk\SDK\pico\usb\class\cdc\cdc_device.o
                0x100016b8                cdcd_xfer_cb
 .text.get_driver
                0x10001788       0x3c .pio\build\raspberry-pi-pico\sdk\SDK\pico\usb\device\usbd.o
 .text.usbd_reset
                0x100017c4       0x50 .pio\build\raspberry-pi-pico\sdk\SDK\pico\usb\device\usbd.o
 .text.osal_queue_send.isra.0
                0x10001814       0x30 .pio\build\raspberry-pi-pico\sdk\SDK\pico\usb\device\usbd.o
 .text.tud_mounted
                0x10001844       0x10 .pio\build\raspberry-pi-pico\sdk\SDK\pico\usb\device\usbd.o
                0x10001844                tud_mounted
 .text.tud_suspended
                0x10001854       0x10 .pio\build\raspberry-pi-pico\sdk\SDK\pico\usb\device\usbd.o
                0x10001854                tud_suspended
 .text.tud_init
                0x10001864       0x88 .pio\build\raspberry-pi-pico\sdk\SDK\pico\usb\device\usbd.o
                0x10001864                tud_init
 .text.dcd_event_handler
                0x100018ec       0x60 .pio\build\raspberry-pi-pico\sdk\SDK\pico\usb\device\usbd.o
                0x100018ec                dcd_event_handler
 .text.dcd_event_bus_signal
                0x1000194c       0x28 .pio\build\raspberry-pi-pico\sdk\SDK\pico\usb\device\usbd.o
                0x1000194c                dcd_event_bus_signal
 .text.dcd_event_setup_received
                0x10001974       0x28 .pio\build\raspberry-pi-pico\sdk\SDK\pico\usb\device\usbd.o
                0x10001974                dcd_event_setup_received
 .text.dcd_event_xfer_complete
                0x1000199c       0x3c .pio\build\raspberry-pi-pico\sdk\SDK\pico\usb\device\usbd.o
                0x1000199c                dcd_event_xfer_complete
 .text.usbd_open_edpt_pair
                0x100019d8       0x4e .pio\build\raspberry-pi-pico\sdk\SDK\pico\usb\device\usbd.o
                0x100019d8                usbd_open_edpt_pair
 .text.usbd_edpt_open
                0x10001a26        0x8 .pio\build\raspberry-pi-pico\sdk\SDK\pico\usb\device\usbd.o
                0x10001a26                usbd_edpt_open
 *fill*         0x10001a2e        0x2 
 .text.usbd_edpt_claim
                0x10001a30       0x58 .pio\build\raspberry-pi-pico\sdk\SDK\pico\usb\device\usbd.o
                0x10001a30                usbd_edpt_claim
 .text.usbd_edpt_release
                0x10001a88       0x4c .pio\build\raspberry-pi-pico\sdk\SDK\pico\usb\device\usbd.o
                0x10001a88                usbd_edpt_release
 .text.usbd_edpt_xfer
                0x10001ad4       0x40 .pio\build\raspberry-pi-pico\sdk\SDK\pico\usb\device\usbd.o
                0x10001ad4                usbd_edpt_xfer
 .text.usbd_edpt_stall
                0x10001b14       0x30 .pio\build\raspberry-pi-pico\sdk\SDK\pico\usb\device\usbd.o
                0x10001b14                usbd_edpt_stall
 .text.usbd_edpt_clear_stall
                0x10001b44       0x30 .pio\build\raspberry-pi-pico\sdk\SDK\pico\usb\device\usbd.o
                0x10001b44                usbd_edpt_clear_stall
 .text.tud_task
                0x10001b74      0x530 .pio\build\raspberry-pi-pico\sdk\SDK\pico\usb\device\usbd.o
                0x10001b74                tud_task
 .text._data_stage_xact
                0x100020a4       0x58 .pio\build\raspberry-pi-pico\sdk\SDK\pico\usb\device\usbd_control.o
 .text.tud_control_status
                0x100020fc       0x30 .pio\build\raspberry-pi-pico\sdk\SDK\pico\usb\device\usbd_control.o
                0x100020fc                tud_control_status
 .text.tud_control_xfer
                0x1000212c       0x60 .pio\build\raspberry-pi-pico\sdk\SDK\pico\usb\device\usbd_control.o
                0x1000212c                tud_control_xfer
 .text.usbd_control_reset
                0x1000218c       0x14 .pio\build\raspberry-pi-pico\sdk\SDK\pico\usb\device\usbd_control.o
                0x1000218c                usbd_control_reset
 .text.usbd_control_set_complete_callback
                0x100021a0        0xc .pio\build\raspberry-pi-pico\sdk\SDK\pico\usb\device\usbd_control.o
                0x100021a0                usbd_control_set_complete_callback
 .text.usbd_control_set_request
                0x100021ac       0x1c .pio\build\raspberry-pi-pico\sdk\SDK\pico\usb\device\usbd_control.o
                0x100021ac                usbd_control_set_request
 .text.usbd_control_xfer_cb
                0x100021c8       0xa4 .pio\build\raspberry-pi-pico\sdk\SDK\pico\usb\device\usbd_control.o
                0x100021c8                usbd_control_xfer_cb
 .text.SystemCoreClockUpdate
                0x1000226c       0x14 .pio\build\raspberry-pi-pico\sdk\SDK\cmsis\src\system_RP2040.o
                0x1000226c                SystemCoreClockUpdate
 .text.startup.SystemInit
                0x10002280        0x8 .pio\build\raspberry-pi-pico\sdk\SDK\cmsis\src\system_RP2040.o
                0x10002280                SystemInit
 .text.hw_claim_lock
                0x10002288       0x18 .pio\build\raspberry-pi-pico\sdk\SDK\hardware\claim.o
                0x10002288                hw_claim_lock
 .text.hw_claim_unlock
                0x100022a0       0x14 .pio\build\raspberry-pi-pico\sdk\SDK\hardware\claim.o
                0x100022a0                hw_claim_unlock
 .text.hw_is_claimed
                0x100022b4       0x16 .pio\build\raspberry-pi-pico\sdk\SDK\hardware\claim.o
                0x100022b4                hw_is_claimed
 .text.hw_claim_or_assert
                0x100022ca       0x3c .pio\build\raspberry-pi-pico\sdk\SDK\hardware\claim.o
                0x100022ca                hw_claim_or_assert
 .text.hw_claim_unused_from_range
                0x10002306       0x56 .pio\build\raspberry-pi-pico\sdk\SDK\hardware\claim.o
                0x10002306                hw_claim_unused_from_range
 .text.clock_configure
                0x1000235c       0xe8 .pio\build\raspberry-pi-pico\sdk\SDK\hardware\clocks.o
                0x1000235c                clock_configure
 .text.clocks_init
                0x10002444       0xf0 .pio\build\raspberry-pi-pico\sdk\SDK\hardware\clocks.o
                0x10002444                clocks_init
 .text.clock_get_hz
                0x10002534        0xc .pio\build\raspberry-pi-pico\sdk\SDK\hardware\clocks.o
                0x10002534                clock_get_hz
 .text.flash_get_unique_id
                0x10002540       0x3e .pio\build\raspberry-pi-pico\sdk\SDK\hardware\flash.o
                0x10002540                flash_get_unique_id
 *fill*         0x1000257e        0x2 
 .text.gpio_set_function
                0x10002580       0x2c .pio\build\raspberry-pi-pico\sdk\SDK\hardware\gpio.o
                0x10002580                gpio_set_function
 .text.gpio_set_pulls
                0x100025ac       0x2c .pio\build\raspberry-pi-pico\sdk\SDK\hardware\gpio.o
                0x100025ac                gpio_set_pulls
 .text.gpio_acknowledge_irq
                0x100025d8       0x18 .pio\build\raspberry-pi-pico\sdk\SDK\hardware\gpio.o
                0x100025d8                gpio_acknowledge_irq
 .text.gpio_set_irq_enabled
                0x100025f0       0x44 .pio\build\raspberry-pi-pico\sdk\SDK\hardware\gpio.o
                0x100025f0                gpio_set_irq_enabled
 .text.gpio_set_irq_enabled_with_callback
                0x10002634       0x30 .pio\build\raspberry-pi-pico\sdk\SDK\hardware\gpio.o
                0x10002634                gpio_set_irq_enabled_with_callback
 .text.gpio_irq_handler
                0x10002664       0x5c .pio\build\raspberry-pi-pico\sdk\SDK\hardware\gpio.o
 .text.gpio_init
                0x100026c0       0x16 .pio\build\raspberry-pi-pico\sdk\SDK\hardware\gpio.o
                0x100026c0                gpio_init
 *fill*         0x100026d6        0x2 
 .text.set_raw_irq_handler_and_unlock
                0x100026d8       0x28 .pio\build\raspberry-pi-pico\sdk\SDK\hardware\irq.o
 .text.get_slot_index
                0x10002700       0x18 .pio\build\raspberry-pi-pico\sdk\SDK\hardware\irq.o
 .text.irq_is_enabled
                0x10002718       0x18 .pio\build\raspberry-pi-pico\sdk\SDK\hardware\irq.o
                0x10002718                irq_is_enabled
 .text.irq_set_mask_enabled
                0x10002730       0x20 .pio\build\raspberry-pi-pico\sdk\SDK\hardware\irq.o
                0x10002730                irq_set_mask_enabled
 .text.irq_set_enabled
                0x10002750        0xe .pio\build\raspberry-pi-pico\sdk\SDK\hardware\irq.o
                0x10002750                irq_set_enabled
 *fill*         0x1000275e        0x2 
 .text.irq_set_pending
                0x10002760       0x10 .pio\build\raspberry-pi-pico\sdk\SDK\hardware\irq.o
                0x10002760                irq_set_pending
 .text.irq_get_vtable_handler
                0x10002770       0x10 .pio\build\raspberry-pi-pico\sdk\SDK\hardware\irq.o
                0x10002770                irq_get_vtable_handler
 .text.irq_set_exclusive_handler
                0x10002780       0x40 .pio\build\raspberry-pi-pico\sdk\SDK\hardware\irq.o
                0x10002780                irq_set_exclusive_handler
 .text.irq_remove_handler
                0x100027c0      0x158 .pio\build\raspberry-pi-pico\sdk\SDK\hardware\irq.o
                0x100027c0                irq_remove_handler
 .text.irq_set_priority
                0x10002918       0x24 .pio\build\raspberry-pi-pico\sdk\SDK\hardware\irq.o
                0x10002918                irq_set_priority
 .text.irq_add_tail_to_free_list
                0x1000293c       0x90 .pio\build\raspberry-pi-pico\sdk\SDK\hardware\irq.o
                0x1000293c                irq_add_tail_to_free_list
 .text.irq_init_priorities
                0x100029cc       0x14 .pio\build\raspberry-pi-pico\sdk\SDK\hardware\irq.o
                0x100029cc                irq_init_priorities
 .text._pio_find_offset_for_program.isra.6
                0x100029e0       0x48 .pio\build\raspberry-pi-pico\sdk\SDK\hardware\pio.o
 .text._pio_add_program_at_offset
                0x10002a28       0x80 .pio\build\raspberry-pi-pico\sdk\SDK\hardware\pio.o
 .text.pio_add_program
                0x10002aa8       0x3c .pio\build\raspberry-pi-pico\sdk\SDK\hardware\pio.o
                0x10002aa8                pio_add_program
 .text.pio_sm_set_consecutive_pindirs
                0x10002ae4       0x68 .pio\build\raspberry-pi-pico\sdk\SDK\hardware\pio.o
                0x10002ae4                pio_sm_set_consecutive_pindirs
 .text.pio_sm_init
                0x10002b4c       0x88 .pio\build\raspberry-pi-pico\sdk\SDK\hardware\pio.o
                0x10002b4c                pio_sm_init
 .text.pll_init
                0x10002bd4       0x98 .pio\build\raspberry-pi-pico\sdk\SDK\hardware\pll.o
                0x10002bd4                pll_init
 .text.spin_locks_reset
                0x10002c6c       0x1c .pio\build\raspberry-pi-pico\sdk\SDK\hardware\sync.o
                0x10002c6c                spin_locks_reset
 .text.next_striped_spin_lock_num
                0x10002c88       0x18 .pio\build\raspberry-pi-pico\sdk\SDK\hardware\sync.o
                0x10002c88                next_striped_spin_lock_num
 .text.spin_lock_claim_unused
                0x10002ca0       0x1c .pio\build\raspberry-pi-pico\sdk\SDK\hardware\sync.o
                0x10002ca0                spin_lock_claim_unused
 .text.hardware_alarm_irq_handler
                0x10002cbc       0x90 .pio\build\raspberry-pi-pico\sdk\SDK\hardware\timer.o
 .text.hardware_alarm_claim
                0x10002d4c       0x18 .pio\build\raspberry-pi-pico\sdk\SDK\hardware\timer.o
                0x10002d4c                hardware_alarm_claim
 .text.time_us_64
                0x10002d64       0x18 .pio\build\raspberry-pi-pico\sdk\SDK\hardware\timer.o
                0x10002d64                time_us_64
 .text.busy_wait_until
                0x10002d7c       0x1c .pio\build\raspberry-pi-pico\sdk\SDK\hardware\timer.o
                0x10002d7c                busy_wait_until
 .text.busy_wait_us
                0x10002d98       0x2c .pio\build\raspberry-pi-pico\sdk\SDK\hardware\timer.o
                0x10002d98                busy_wait_us
 .text.hardware_alarm_set_callback
                0x10002dc4       0x94 .pio\build\raspberry-pi-pico\sdk\SDK\hardware\timer.o
                0x10002dc4                hardware_alarm_set_callback
 .text.hardware_alarm_set_target
                0x10002e58       0xc0 .pio\build\raspberry-pi-pico\sdk\SDK\hardware\timer.o
                0x10002e58                hardware_alarm_set_target
 .text.hardware_alarm_cancel
                0x10002f18       0x40 .pio\build\raspberry-pi-pico\sdk\SDK\hardware\timer.o
                0x10002f18                hardware_alarm_cancel
 .text.uart_set_baudrate
                0x10002f58       0x5c .pio\build\raspberry-pi-pico\sdk\SDK\hardware\uart.o
                0x10002f58                uart_set_baudrate
 .text.uart_init
                0x10002fb4       0x98 .pio\build\raspberry-pi-pico\sdk\SDK\hardware\uart.o
                0x10002fb4                uart_init
 .text.watchdog_start_tick
                0x1000304c       0x10 .pio\build\raspberry-pi-pico\sdk\SDK\hardware\watchdog.o
                0x1000304c                watchdog_start_tick
 .text.xosc_init
                0x1000305c       0x28 .pio\build\raspberry-pi-pico\sdk\SDK\hardware\xosc.o
                0x1000305c                xosc_init
 .text.rom_func_lookup
                0x10003084       0x10 .pio\build\raspberry-pi-pico\sdk\SDK\pico\pico_bootrom\bootrom.o
                0x10003084                rom_func_lookup
 .text.startup.boot_double_tap_check
                0x10003094       0x5c .pio\build\raspberry-pi-pico\sdk\SDK\pico\pico_bootsel_via_double_reset\pico_bootsel_via_double_reset.o
 .text.__wrap_malloc
                0x100030f0       0x24 .pio\build\raspberry-pi-pico\sdk\SDK\pico\pico_malloc\pico_malloc.o
                0x100030f0                __wrap_malloc
 .text.running_on_fpga
                0x10003114       0x10 .pio\build\raspberry-pi-pico\sdk\SDK\pico\pico_platform\platform.o
                0x10003114                running_on_fpga
 .text.runtime_init
                0x10003124       0xcc .pio\build\raspberry-pi-pico\sdk\SDK\pico\pico_runtime\runtime.o
                0x10003124                runtime_init
 .text._sbrk    0x100031f0       0x30 .pio\build\raspberry-pi-pico\sdk\SDK\pico\pico_runtime\runtime.o
                0x100031f0                _sbrk
 .text.exit     0x10003220        0x4 .pio\build\raspberry-pi-pico\sdk\SDK\pico\pico_runtime\runtime.o
                0x10003220                exit
 .text.panic    0x10003224       0x2c .pio\build\raspberry-pi-pico\sdk\SDK\pico\pico_runtime\runtime.o
                0x10003224                panic
 .text.hard_assertion_failure
                0x10003250        0xc .pio\build\raspberry-pi-pico\sdk\SDK\pico\pico_runtime\runtime.o
                0x10003250                hard_assertion_failure
 .text.critical_section_init_with_lock_num
                0x1000325c       0x14 .pio\build\raspberry-pi-pico\sdk\SDK\pico\pico_sync\critical_section.o
                0x1000325c                critical_section_init_with_lock_num
 .text.critical_section_init
                0x10003270       0x14 .pio\build\raspberry-pi-pico\sdk\SDK\pico\pico_sync\critical_section.o
                0x10003270                critical_section_init
 .text.lock_init
                0x10003284       0x10 .pio\build\raspberry-pi-pico\sdk\SDK\pico\pico_sync\lock_core.o
                0x10003284                lock_init
 .text.mutex_init
                0x10003294       0x1a .pio\build\raspberry-pi-pico\sdk\SDK\pico\pico_sync\mutex.o
                0x10003294                mutex_init
 .text.recursive_mutex_init
                0x100032ae       0x1c .pio\build\raspberry-pi-pico\sdk\SDK\pico\pico_sync\mutex.o
                0x100032ae                recursive_mutex_init
 *fill*         0x100032ca        0x2 
 .text.time_reached
                0x100032cc       0x24 .pio\build\raspberry-pi-pico\sdk\SDK\pico\pico_time\time.o
 .text.ph_add_child_node
                0x100032f0       0x24 .pio\build\raspberry-pi-pico\sdk\SDK\pico\pico_time\time.o
 .text.timer_pool_entry_comparator
                0x10003314       0x30 .pio\build\raspberry-pi-pico\sdk\SDK\pico\pico_time\time.o
                0x10003314                timer_pool_entry_comparator
 .text.alarm_pool_post_alloc_init
                0x10003344       0x3c .pio\build\raspberry-pi-pico\sdk\SDK\pico\pico_time\time.o
 .text.sleep_until_callback
                0x10003380       0x30 .pio\build\raspberry-pi-pico\sdk\SDK\pico\pico_time\time.o
 .text.add_alarm_under_lock
                0x100033b0       0xd0 .pio\build\raspberry-pi-pico\sdk\SDK\pico\pico_time\time.o
 .text.alarm_pool_alarm_callback
                0x10003480      0x190 .pio\build\raspberry-pi-pico\sdk\SDK\pico\pico_time\time.o
 .text.alarm_pool_init_default
                0x10003610       0x34 .pio\build\raspberry-pi-pico\sdk\SDK\pico\pico_time\time.o
                0x10003610                alarm_pool_init_default
 .text.alarm_pool_get_default
                0x10003644        0x8 .pio\build\raspberry-pi-pico\sdk\SDK\pico\pico_time\time.o
                0x10003644                alarm_pool_get_default
 .text.alarm_pool_add_alarm_at
                0x1000364c       0xd4 .pio\build\raspberry-pi-pico\sdk\SDK\pico\pico_time\time.o
                0x1000364c                alarm_pool_add_alarm_at
 .text.alarm_pool_cancel_alarm
                0x10003720       0x66 .pio\build\raspberry-pi-pico\sdk\SDK\pico\pico_time\time.o
                0x10003720                alarm_pool_cancel_alarm
 *fill*         0x10003786        0x2 
 .text.sleep_until
                0x10003788       0x98 .pio\build\raspberry-pi-pico\sdk\SDK\pico\pico_time\time.o
                0x10003788                sleep_until
 .text.sleep_us
                0x10003820       0x2c .pio\build\raspberry-pi-pico\sdk\SDK\pico\pico_time\time.o
                0x10003820                sleep_us
 .text.sleep_ms
                0x1000384c       0x14 .pio\build\raspberry-pi-pico\sdk\SDK\pico\pico_time\time.o
                0x1000384c                sleep_ms
 .text.best_effort_wfe_or_timeout
                0x10003860       0x40 .pio\build\raspberry-pi-pico\sdk\SDK\pico\pico_time\time.o
                0x10003860                best_effort_wfe_or_timeout
 .text.startup._retrieve_unique_id_on_boot
                0x100038a0       0x10 .pio\build\raspberry-pi-pico\sdk\SDK\pico\pico_unique_id\unique_id.o
 .text.pico_get_unique_board_id_string
                0x100038b0       0x44 .pio\build\raspberry-pi-pico\sdk\SDK\pico\pico_unique_id\unique_id.o
                0x100038b0                pico_get_unique_board_id_string
 .text.ph_add_child_node
                0x100038f4       0x24 .pio\build\raspberry-pi-pico\sdk\SDK\pico\pico_util\pheap.o
 .text.ph_merge_nodes
                0x10003918       0x36 .pio\build\raspberry-pi-pico\sdk\SDK\pico\pico_util\pheap.o
 .text.ph_clear
                0x1000394e       0x34 .pio\build\raspberry-pi-pico\sdk\SDK\pico\pico_util\pheap.o
                0x1000394e                ph_clear
 .text.ph_post_alloc_init
                0x10003982        0xe .pio\build\raspberry-pi-pico\sdk\SDK\pico\pico_util\pheap.o
                0x10003982                ph_post_alloc_init
 .text.ph_merge_two_pass
                0x10003990       0x48 .pio\build\raspberry-pi-pico\sdk\SDK\pico\pico_util\pheap.o
                0x10003990                ph_merge_two_pass
 .text.ph_remove_any_head
                0x100039d8       0x4a .pio\build\raspberry-pi-pico\sdk\SDK\pico\pico_util\pheap.o
 .text.ph_remove_head
                0x10003a22       0x14 .pio\build\raspberry-pi-pico\sdk\SDK\pico\pico_util\pheap.o
                0x10003a22                ph_remove_head
 .text.ph_remove_and_free_node
                0x10003a36       0x72 .pio\build\raspberry-pi-pico\sdk\SDK\pico\pico_util\pheap.o
                0x10003a36                ph_remove_and_free_node
 .text.ConsoleUtilsIntToHexChar
                0x10003aa8       0x10 .pio\build\raspberry-pi-pico\src\console.o
 .text.smallItoa.constprop.1
                0x10003ab8       0x56 .pio\build\raspberry-pi-pico\src\console.o
 .text.ConsoleParamFindN.constprop.2
                0x10003b0e       0x30 .pio\build\raspberry-pi-pico\src\console.o
 *fill*         0x10003b3e        0x2 
 .text.ConsoleInit
                0x10003b40       0x48 .pio\build\raspberry-pi-pico\src\console.o
                0x10003b40                ConsoleInit
 .text.ConsoleProcess
                0x10003b88      0x16c .pio\build\raspberry-pi-pico\src\console.o
                0x10003b88                ConsoleProcess
 .text.ConsoleReceiveParamInt16
                0x10003cf4       0x68 .pio\build\raspberry-pi-pico\src\console.o
                0x10003cf4                ConsoleReceiveParamInt16
 .text.ConsoleReceiveParamUint8
                0x10003d5c       0x68 .pio\build\raspberry-pi-pico\src\console.o
                0x10003d5c                ConsoleReceiveParamUint8
 .text.ConsoleReceiveParamHexUint16
                0x10003dc4       0x62 .pio\build\raspberry-pi-pico\src\console.o
                0x10003dc4                ConsoleReceiveParamHexUint16
 .text.ConsoleSendParamHexUint16
                0x10003e26       0x38 .pio\build\raspberry-pi-pico\src\console.o
                0x10003e26                ConsoleSendParamHexUint16
 .text.ConsoleSendParamHexUint8
                0x10003e5e       0x30 .pio\build\raspberry-pi-pico\src\console.o
                0x10003e5e                ConsoleSendParamHexUint8
 .text.ConsoleSendParamUint8
                0x10003e8e       0x12 .pio\build\raspberry-pi-pico\src\console.o
                0x10003e8e                ConsoleSendParamUint8
 .text.ConsoleSendParamInt16
                0x10003ea0       0x12 .pio\build\raspberry-pi-pico\src\console.o
                0x10003ea0                ConsoleSendParamInt16
 .text.ConsoleCommandComment
                0x10003eb2        0x4 .pio\build\raspberry-pi-pico\src\consoleCommands.o
 *fill*         0x10003eb6        0x2 
 .text.ConsoleCommandVer
                0x10003eb8       0x1c .pio\build\raspberry-pi-pico\src\consoleCommands.o
 .text.ConsoleCommandHelp
                0x10003ed4       0x3c .pio\build\raspberry-pi-pico\src\consoleCommands.o
 .text.ConsoleCommandData
                0x10003f10       0x70 .pio\build\raspberry-pi-pico\src\consoleCommands.o
 .text.ConsoleCommandParamExampleHexUint16
                0x10003f80       0x30 .pio\build\raspberry-pi-pico\src\consoleCommands.o
 .text.ConsoleCommandParamExampleUint8
                0x10003fb0       0x4c .pio\build\raspberry-pi-pico\src\consoleCommands.o
 .text.ConsoleCommandParamExampleInt16
                0x10003ffc       0x4c .pio\build\raspberry-pi-pico\src\consoleCommands.o
 .text.ConsoleCommandsGetTable
                0x10004048        0x8 .pio\build\raspberry-pi-pico\src\consoleCommands.o
                0x10004048                ConsoleCommandsGetTable
 .text.ConsoleIoInit
                0x10004050        0x4 .pio\build\raspberry-pi-pico\src\consoleIo.o
                0x10004050                ConsoleIoInit
 .text.ConsoleIoReceive
                0x10004054       0x3a .pio\build\raspberry-pi-pico\src\consoleIo.o
                0x10004054                ConsoleIoReceive
 *fill*         0x1000408e        0x2 
 .text.ConsoleIoSendString
                0x10004090       0x14 .pio\build\raspberry-pi-pico\src\consoleIo.o
                0x10004090                ConsoleIoSendString
 .text.encoder_init
                0x100040a4       0x4c .pio\build\raspberry-pi-pico\src\encoders.o
                0x100040a4                encoder_init
 .text.encoder_read
                0x100040f0       0x2c .pio\build\raspberry-pi-pico\src\encoders.o
                0x100040f0                encoder_read
 .text.encoder_inc
                0x1000411c        0xe .pio\build\raspberry-pi-pico\src\encoders.o
                0x1000411c                encoder_inc
 *fill*         0x1000412a        0x2 
 .text.isr_gpio_callback
                0x1000412c       0x40 .pio\build\raspberry-pi-pico\src\main.o
                0x1000412c                isr_gpio_callback
 .text.startup.main
                0x1000416c      0x1e4 .pio\build\raspberry-pi-pico\src\main.o
                0x1000416c                main
 .text.time_ms  0x10004350       0x20 .pio\build\raspberry-pi-pico\src\utils.o
                0x10004350                time_ms
 .text.heartbeat_init
                0x10004370       0x14 .pio\build\raspberry-pi-pico\src\utils.o
                0x10004370                heartbeat_init
 .text.heartbeat
                0x10004384       0x2c .pio\build\raspberry-pi-pico\src\utils.o
                0x10004384                heartbeat
 .text.atoi     0x100043b0        0xc c:/users/sundra/.platformio/packages/toolchain-gccarmnoneeabi@1.70201.0/bin/../lib/gcc/arm-none-eabi/7.2.1/../../../../arm-none-eabi/lib/thumb/v6-m\libc_nano.a(lib_a-atoi.o)
                0x100043b0                atoi
 .text.__errno  0x100043bc        0xc c:/users/sundra/.platformio/packages/toolchain-gccarmnoneeabi@1.70201.0/bin/../lib/gcc/arm-none-eabi/7.2.1/../../../../arm-none-eabi/lib/thumb/v6-m\libc_nano.a(lib_a-errno.o)
                0x100043bc                __errno
 .text.std      0x100043c8       0x48 c:/users/sundra/.platformio/packages/toolchain-gccarmnoneeabi@1.70201.0/bin/../lib/gcc/arm-none-eabi/7.2.1/../../../../arm-none-eabi/lib/thumb/v6-m\libc_nano.a(lib_a-findfp.o)
 .text._cleanup_r
                0x10004410       0x10 c:/users/sundra/.platformio/packages/toolchain-gccarmnoneeabi@1.70201.0/bin/../lib/gcc/arm-none-eabi/7.2.1/../../../../arm-none-eabi/lib/thumb/v6-m\libc_nano.a(lib_a-findfp.o)
                0x10004410                _cleanup_r
 .text.__sfmoreglue
                0x10004420       0x2c c:/users/sundra/.platformio/packages/toolchain-gccarmnoneeabi@1.70201.0/bin/../lib/gcc/arm-none-eabi/7.2.1/../../../../arm-none-eabi/lib/thumb/v6-m\libc_nano.a(lib_a-findfp.o)
                0x10004420                __sfmoreglue
 .text.__sinit  0x1000444c       0x68 c:/users/sundra/.platformio/packages/toolchain-gccarmnoneeabi@1.70201.0/bin/../lib/gcc/arm-none-eabi/7.2.1/../../../../arm-none-eabi/lib/thumb/v6-m\libc_nano.a(lib_a-findfp.o)
                0x1000444c                __sinit
 .text.__sfp    0x100044b4       0x7c c:/users/sundra/.platformio/packages/toolchain-gccarmnoneeabi@1.70201.0/bin/../lib/gcc/arm-none-eabi/7.2.1/../../../../arm-none-eabi/lib/thumb/v6-m\libc_nano.a(lib_a-findfp.o)
                0x100044b4                __sfp
 .text._fwalk_reent
                0x10004530       0x42 c:/users/sundra/.platformio/packages/toolchain-gccarmnoneeabi@1.70201.0/bin/../lib/gcc/arm-none-eabi/7.2.1/../../../../arm-none-eabi/lib/thumb/v6-m\libc_nano.a(lib_a-fwalk.o)
                0x10004530                _fwalk_reent
 *fill*         0x10004572        0x2 
 .text.malloc   0x10004574       0x14 c:/users/sundra/.platformio/packages/toolchain-gccarmnoneeabi@1.70201.0/bin/../lib/gcc/arm-none-eabi/7.2.1/../../../../arm-none-eabi/lib/thumb/v6-m\libc_nano.a(lib_a-malloc.o)
                0x10004574                malloc
 .text.memcpy   0x10004588       0x12 c:/users/sundra/.platformio/packages/toolchain-gccarmnoneeabi@1.70201.0/bin/../lib/gcc/arm-none-eabi/7.2.1/../../../../arm-none-eabi/lib/thumb/v6-m\libc_nano.a(lib_a-memcpy-stub.o)
                0x10004588                memcpy
 .text.memset   0x1000459a       0x10 c:/users/sundra/.platformio/packages/toolchain-gccarmnoneeabi@1.70201.0/bin/../lib/gcc/arm-none-eabi/7.2.1/../../../../arm-none-eabi/lib/thumb/v6-m\libc_nano.a(lib_a-memset.o)
                0x1000459a                memset
 .text._calloc_r
                0x100045aa       0x1c c:/users/sundra/.platformio/packages/toolchain-gccarmnoneeabi@1.70201.0/bin/../lib/gcc/arm-none-eabi/7.2.1/../../../../arm-none-eabi/lib/thumb/v6-m\libc_nano.a(lib_a-nano-callocr.o)
                0x100045aa                _calloc_r
 *fill*         0x100045c6        0x2 
 .text._free_r  0x100045c8       0x94 c:/users/sundra/.platformio/packages/toolchain-gccarmnoneeabi@1.70201.0/bin/../lib/gcc/arm-none-eabi/7.2.1/../../../../arm-none-eabi/lib/thumb/v6-m\libc_nano.a(lib_a-nano-freer.o)
                0x100045c8                _free_r
 .text._malloc_r
                0x1000465c       0xbc c:/users/sundra/.platformio/packages/toolchain-gccarmnoneeabi@1.70201.0/bin/../lib/gcc/arm-none-eabi/7.2.1/../../../../arm-none-eabi/lib/thumb/v6-m\libc_nano.a(lib_a-nano-mallocr.o)
                0x1000465c                _malloc_r
 .text.__cvt    0x10004718       0xc8 c:/users/sundra/.platformio/packages/toolchain-gccarmnoneeabi@1.70201.0/bin/../lib/gcc/arm-none-eabi/7.2.1/../../../../arm-none-eabi/lib/thumb/v6-m\libc_nano.a(lib_a-nano-vfprintf_float.o)
                0x10004718                __cvt
 .text.__exponent
                0x100047e0       0x70 c:/users/sundra/.platformio/packages/toolchain-gccarmnoneeabi@1.70201.0/bin/../lib/gcc/arm-none-eabi/7.2.1/../../../../arm-none-eabi/lib/thumb/v6-m\libc_nano.a(lib_a-nano-vfprintf_float.o)
                0x100047e0                __exponent
 .text._printf_float
                0x10004850      0x498 c:/users/sundra/.platformio/packages/toolchain-gccarmnoneeabi@1.70201.0/bin/../lib/gcc/arm-none-eabi/7.2.1/../../../../arm-none-eabi/lib/thumb/v6-m\libc_nano.a(lib_a-nano-vfprintf_float.o)
                0x10004850                _printf_float
 .text._printf_common
                0x10004ce8       0xda c:/users/sundra/.platformio/packages/toolchain-gccarmnoneeabi@1.70201.0/bin/../lib/gcc/arm-none-eabi/7.2.1/../../../../arm-none-eabi/lib/thumb/v6-m\libc_nano.a(lib_a-nano-vfprintf_i.o)
                0x10004ce8                _printf_common
 *fill*         0x10004dc2        0x2 
 .text._printf_i
                0x10004dc4      0x210 c:/users/sundra/.platformio/packages/toolchain-gccarmnoneeabi@1.70201.0/bin/../lib/gcc/arm-none-eabi/7.2.1/../../../../arm-none-eabi/lib/thumb/v6-m\libc_nano.a(lib_a-nano-vfprintf_i.o)
                0x10004dc4                _printf_i
 .text._scanf_float
                0x10004fd4      0x3fc c:/users/sundra/.platformio/packages/toolchain-gccarmnoneeabi@1.70201.0/bin/../lib/gcc/arm-none-eabi/7.2.1/../../../../arm-none-eabi/lib/thumb/v6-m\libc_nano.a(lib_a-nano-vfscanf_float.o)
                0x10004fd4                _scanf_float
 .text.printf   0x100053d0       0x34 c:/users/sundra/.platformio/packages/toolchain-gccarmnoneeabi@1.70201.0/bin/../lib/gcc/arm-none-eabi/7.2.1/../../../../arm-none-eabi/lib/thumb/v6-m\libc_nano.a(lib_a-printf.o)
                0x100053d0                iprintf
                0x100053d0                printf
 .text.putchar  0x10005404       0x28 c:/users/sundra/.platformio/packages/toolchain-gccarmnoneeabi@1.70201.0/bin/../lib/gcc/arm-none-eabi/7.2.1/../../../../arm-none-eabi/lib/thumb/v6-m\libc_nano.a(lib_a-putchar.o)
                0x10005404                putchar
 .text._puts_r  0x1000542c       0xc0 c:/users/sundra/.platformio/packages/toolchain-gccarmnoneeabi@1.70201.0/bin/../lib/gcc/arm-none-eabi/7.2.1/../../../../arm-none-eabi/lib/thumb/v6-m\libc_nano.a(lib_a-puts.o)
                0x1000542c                _puts_r
 .text.puts     0x100054ec       0x14 c:/users/sundra/.platformio/packages/toolchain-gccarmnoneeabi@1.70201.0/bin/../lib/gcc/arm-none-eabi/7.2.1/../../../../arm-none-eabi/lib/thumb/v6-m\libc_nano.a(lib_a-puts.o)
                0x100054ec                puts
 .text._sbrk_r  0x10005500       0x24 c:/users/sundra/.platformio/packages/toolchain-gccarmnoneeabi@1.70201.0/bin/../lib/gcc/arm-none-eabi/7.2.1/../../../../arm-none-eabi/lib/thumb/v6-m\libc_nano.a(lib_a-sbrkr.o)
                0x10005500                _sbrk_r
 .text.nanf     0x10005524        0x8 c:/users/sundra/.platformio/packages/toolchain-gccarmnoneeabi@1.70201.0/bin/../lib/gcc/arm-none-eabi/7.2.1/../../../../arm-none-eabi/lib/thumb/v6-m\libc_nano.a(lib_a-sf_nan.o)
                0x10005524                nanf
 .text.sprintf  0x1000552c       0x40 c:/users/sundra/.platformio/packages/toolchain-gccarmnoneeabi@1.70201.0/bin/../lib/gcc/arm-none-eabi/7.2.1/../../../../arm-none-eabi/lib/thumb/v6-m\libc_nano.a(lib_a-sprintf.o)
                0x1000552c                siprintf
                0x1000552c                sprintf
 .text.__sread  0x1000556c       0x28 c:/users/sundra/.platformio/packages/toolchain-gccarmnoneeabi@1.70201.0/bin/../lib/gcc/arm-none-eabi/7.2.1/../../../../arm-none-eabi/lib/thumb/v6-m\libc_nano.a(lib_a-stdio.o)
                0x1000556c                __sread
 .text.__swrite
                0x10005594       0x38 c:/users/sundra/.platformio/packages/toolchain-gccarmnoneeabi@1.70201.0/bin/../lib/gcc/arm-none-eabi/7.2.1/../../../../arm-none-eabi/lib/thumb/v6-m\libc_nano.a(lib_a-stdio.o)
                0x10005594                __swrite
 .text.__sseek  0x100055cc       0x2c c:/users/sundra/.platformio/packages/toolchain-gccarmnoneeabi@1.70201.0/bin/../lib/gcc/arm-none-eabi/7.2.1/../../../../arm-none-eabi/lib/thumb/v6-m\libc_nano.a(lib_a-stdio.o)
                0x100055cc                __sseek
 .text.__sclose
                0x100055f8        0xc c:/users/sundra/.platformio/packages/toolchain-gccarmnoneeabi@1.70201.0/bin/../lib/gcc/arm-none-eabi/7.2.1/../../../../arm-none-eabi/lib/thumb/v6-m\libc_nano.a(lib_a-stdio.o)
                0x100055f8                __sclose
 .text          0x10005604        0xe c:/users/sundra/.platformio/packages/toolchain-gccarmnoneeabi@1.70201.0/bin/../lib/gcc/arm-none-eabi/7.2.1/../../../../arm-none-eabi/lib/thumb/v6-m\libc_nano.a(lib_a-strlen.o)
                0x10005604                strlen
 *fill*         0x10005612        0x2 
 .text.unlikely.sulp
                0x10005614       0x30 c:/users/sundra/.platformio/packages/toolchain-gccarmnoneeabi@1.70201.0/bin/../lib/gcc/arm-none-eabi/7.2.1/../../../../arm-none-eabi/lib/thumb/v6-m\libc_nano.a(lib_a-strtod.o)
 .text._strtod_l
                0x10005644      0xc50 c:/users/sundra/.platformio/packages/toolchain-gccarmnoneeabi@1.70201.0/bin/../lib/gcc/arm-none-eabi/7.2.1/../../../../arm-none-eabi/lib/thumb/v6-m\libc_nano.a(lib_a-strtod.o)
                0x10005644                _strtod_l
 .text._strtod_r
                0x10006294       0x1c c:/users/sundra/.platformio/packages/toolchain-gccarmnoneeabi@1.70201.0/bin/../lib/gcc/arm-none-eabi/7.2.1/../../../../arm-none-eabi/lib/thumb/v6-m\libc_nano.a(lib_a-strtod.o)
                0x10006294                _strtod_r
 .text._strtol_l.isra.0
                0x100062b0      0x104 c:/users/sundra/.platformio/packages/toolchain-gccarmnoneeabi@1.70201.0/bin/../lib/gcc/arm-none-eabi/7.2.1/../../../../arm-none-eabi/lib/thumb/v6-m\libc_nano.a(lib_a-strtol.o)
 .text._strtol_r
                0x100063b4       0x20 c:/users/sundra/.platformio/packages/toolchain-gccarmnoneeabi@1.70201.0/bin/../lib/gcc/arm-none-eabi/7.2.1/../../../../arm-none-eabi/lib/thumb/v6-m\libc_nano.a(lib_a-strtol.o)
                0x100063b4                _strtol_r
 .text.strtol   0x100063d4       0x28 c:/users/sundra/.platformio/packages/toolchain-gccarmnoneeabi@1.70201.0/bin/../lib/gcc/arm-none-eabi/7.2.1/../../../../arm-none-eabi/lib/thumb/v6-m\libc_nano.a(lib_a-strtol.o)
                0x100063d4                strtol
 .text.vprintf  0x100063fc       0x2c c:/users/sundra/.platformio/packages/toolchain-gccarmnoneeabi@1.70201.0/bin/../lib/gcc/arm-none-eabi/7.2.1/../../../../arm-none-eabi/lib/thumb/v6-m\libc_nano.a(lib_a-vprintf.o)
                0x100063fc                viprintf
                0x100063fc                vprintf
 .text.__swbuf_r
                0x10006428       0xac c:/users/sundra/.platformio/packages/toolchain-gccarmnoneeabi@1.70201.0/bin/../lib/gcc/arm-none-eabi/7.2.1/../../../../arm-none-eabi/lib/thumb/v6-m\libc_nano.a(lib_a-wbuf.o)
                0x10006428                __swbuf_r
 .text.__swsetup_r
                0x100064d4       0xec c:/users/sundra/.platformio/packages/toolchain-gccarmnoneeabi@1.70201.0/bin/../lib/gcc/arm-none-eabi/7.2.1/../../../../arm-none-eabi/lib/thumb/v6-m\libc_nano.a(lib_a-wsetup.o)
                0x100064d4                __swsetup_r
 .text.quorem   0x100065c0      0x10c c:/users/sundra/.platformio/packages/toolchain-gccarmnoneeabi@1.70201.0/bin/../lib/gcc/arm-none-eabi/7.2.1/../../../../arm-none-eabi/lib/thumb/v6-m\libc_nano.a(lib_a-dtoa.o)
 .text._dtoa_r  0x100066cc      0xbc0 c:/users/sundra/.platformio/packages/toolchain-gccarmnoneeabi@1.70201.0/bin/../lib/gcc/arm-none-eabi/7.2.1/../../../../arm-none-eabi/lib/thumb/v6-m\libc_nano.a(lib_a-dtoa.o)
                0x100066cc                _dtoa_r
 .text.__sflush_r
                0x1000728c      0x114 c:/users/sundra/.platformio/packages/toolchain-gccarmnoneeabi@1.70201.0/bin/../lib/gcc/arm-none-eabi/7.2.1/../../../../arm-none-eabi/lib/thumb/v6-m\libc_nano.a(lib_a-fflush.o)
                0x1000728c                __sflush_r
 .text._fflush_r
                0x100073a0       0x58 c:/users/sundra/.platformio/packages/toolchain-gccarmnoneeabi@1.70201.0/bin/../lib/gcc/arm-none-eabi/7.2.1/../../../../arm-none-eabi/lib/thumb/v6-m\libc_nano.a(lib_a-fflush.o)
                0x100073a0                _fflush_r
 .text.rshift   0x100073f8       0x68 c:/users/sundra/.platformio/packages/toolchain-gccarmnoneeabi@1.70201.0/bin/../lib/gcc/arm-none-eabi/7.2.1/../../../../arm-none-eabi/lib/thumb/v6-m\libc_nano.a(lib_a-gdtoa-gethex.o)
 .text.__hexdig_fun
                0x10007460       0x2a c:/users/sundra/.platformio/packages/toolchain-gccarmnoneeabi@1.70201.0/bin/../lib/gcc/arm-none-eabi/7.2.1/../../../../arm-none-eabi/lib/thumb/v6-m\libc_nano.a(lib_a-gdtoa-gethex.o)
                0x10007460                __hexdig_fun
 .text.__gethex
                0x1000748a      0x456 c:/users/sundra/.platformio/packages/toolchain-gccarmnoneeabi@1.70201.0/bin/../lib/gcc/arm-none-eabi/7.2.1/../../../../arm-none-eabi/lib/thumb/v6-m\libc_nano.a(lib_a-gdtoa-gethex.o)
                0x1000748a                __gethex
 .text.L_shift  0x100078e0       0x24 c:/users/sundra/.platformio/packages/toolchain-gccarmnoneeabi@1.70201.0/bin/../lib/gcc/arm-none-eabi/7.2.1/../../../../arm-none-eabi/lib/thumb/v6-m\libc_nano.a(lib_a-gdtoa-hexnan.o)
 .text.__match  0x10007904       0x28 c:/users/sundra/.platformio/packages/toolchain-gccarmnoneeabi@1.70201.0/bin/../lib/gcc/arm-none-eabi/7.2.1/../../../../arm-none-eabi/lib/thumb/v6-m\libc_nano.a(lib_a-gdtoa-hexnan.o)
                0x10007904                __match
 .text.__hexnan
                0x1000792c      0x12e c:/users/sundra/.platformio/packages/toolchain-gccarmnoneeabi@1.70201.0/bin/../lib/gcc/arm-none-eabi/7.2.1/../../../../arm-none-eabi/lib/thumb/v6-m\libc_nano.a(lib_a-gdtoa-hexnan.o)
                0x1000792c                __hexnan
 .text.__locale_ctype_ptr_l
                0x10007a5a        0x6 c:/users/sundra/.platformio/packages/toolchain-gccarmnoneeabi@1.70201.0/bin/../lib/gcc/arm-none-eabi/7.2.1/../../../../arm-none-eabi/lib/thumb/v6-m\libc_nano.a(lib_a-locale.o)
                0x10007a5a                __locale_ctype_ptr_l
 .text.__localeconv_l
                0x10007a60        0x4 c:/users/sundra/.platformio/packages/toolchain-gccarmnoneeabi@1.70201.0/bin/../lib/gcc/arm-none-eabi/7.2.1/../../../../arm-none-eabi/lib/thumb/v6-m\libc_nano.a(lib_a-localeconv.o)
                0x10007a60                __localeconv_l
 .text._localeconv_r
                0x10007a64       0x18 c:/users/sundra/.platformio/packages/toolchain-gccarmnoneeabi@1.70201.0/bin/../lib/gcc/arm-none-eabi/7.2.1/../../../../arm-none-eabi/lib/thumb/v6-m\libc_nano.a(lib_a-localeconv.o)
                0x10007a64                _localeconv_r
 .text.__swhatbuf_r
                0x10007a7c       0x50 c:/users/sundra/.platformio/packages/toolchain-gccarmnoneeabi@1.70201.0/bin/../lib/gcc/arm-none-eabi/7.2.1/../../../../arm-none-eabi/lib/thumb/v6-m\libc_nano.a(lib_a-makebuf.o)
                0x10007a7c                __swhatbuf_r
 .text.__smakebuf_r
                0x10007acc       0x88 c:/users/sundra/.platformio/packages/toolchain-gccarmnoneeabi@1.70201.0/bin/../lib/gcc/arm-none-eabi/7.2.1/../../../../arm-none-eabi/lib/thumb/v6-m\libc_nano.a(lib_a-makebuf.o)
                0x10007acc                __smakebuf_r
 .text.__ascii_mbtowc
                0x10007b54       0x24 c:/users/sundra/.platformio/packages/toolchain-gccarmnoneeabi@1.70201.0/bin/../lib/gcc/arm-none-eabi/7.2.1/../../../../arm-none-eabi/lib/thumb/v6-m\libc_nano.a(lib_a-mbtowc_r.o)
                0x10007b54                __ascii_mbtowc
 .text.memchr   0x10007b78       0x16 c:/users/sundra/.platformio/packages/toolchain-gccarmnoneeabi@1.70201.0/bin/../lib/gcc/arm-none-eabi/7.2.1/../../../../arm-none-eabi/lib/thumb/v6-m\libc_nano.a(lib_a-memchr-stub.o)
                0x10007b78                memchr
 .text.__malloc_lock
                0x10007b8e        0x2 c:/users/sundra/.platformio/packages/toolchain-gccarmnoneeabi@1.70201.0/bin/../lib/gcc/arm-none-eabi/7.2.1/../../../../arm-none-eabi/lib/thumb/v6-m\libc_nano.a(lib_a-mlock.o)
                0x10007b8e                __malloc_lock
 .text.__malloc_unlock
                0x10007b90        0x2 c:/users/sundra/.platformio/packages/toolchain-gccarmnoneeabi@1.70201.0/bin/../lib/gcc/arm-none-eabi/7.2.1/../../../../arm-none-eabi/lib/thumb/v6-m\libc_nano.a(lib_a-mlock.o)
                0x10007b90                __malloc_unlock
 .text._Balloc  0x10007b92       0x70 c:/users/sundra/.platformio/packages/toolchain-gccarmnoneeabi@1.70201.0/bin/../lib/gcc/arm-none-eabi/7.2.1/../../../../arm-none-eabi/lib/thumb/v6-m\libc_nano.a(lib_a-mprec.o)
                0x10007b92                _Balloc
 .text._Bfree   0x10007c02       0x32 c:/users/sundra/.platformio/packages/toolchain-gccarmnoneeabi@1.70201.0/bin/../lib/gcc/arm-none-eabi/7.2.1/../../../../arm-none-eabi/lib/thumb/v6-m\libc_nano.a(lib_a-mprec.o)
                0x10007c02                _Bfree
 .text.__multadd
                0x10007c34       0x7c c:/users/sundra/.platformio/packages/toolchain-gccarmnoneeabi@1.70201.0/bin/../lib/gcc/arm-none-eabi/7.2.1/../../../../arm-none-eabi/lib/thumb/v6-m\libc_nano.a(lib_a-mprec.o)
                0x10007c34                __multadd
 .text.__s2b    0x10007cb0       0x7c c:/users/sundra/.platformio/packages/toolchain-gccarmnoneeabi@1.70201.0/bin/../lib/gcc/arm-none-eabi/7.2.1/../../../../arm-none-eabi/lib/thumb/v6-m\libc_nano.a(lib_a-mprec.o)
                0x10007cb0                __s2b
 .text.__hi0bits
                0x10007d2c       0x34 c:/users/sundra/.platformio/packages/toolchain-gccarmnoneeabi@1.70201.0/bin/../lib/gcc/arm-none-eabi/7.2.1/../../../../arm-none-eabi/lib/thumb/v6-m\libc_nano.a(lib_a-mprec.o)
                0x10007d2c                __hi0bits
 .text.__lo0bits
                0x10007d60       0x5e c:/users/sundra/.platformio/packages/toolchain-gccarmnoneeabi@1.70201.0/bin/../lib/gcc/arm-none-eabi/7.2.1/../../../../arm-none-eabi/lib/thumb/v6-m\libc_nano.a(lib_a-mprec.o)
                0x10007d60                __lo0bits
 .text.__i2b    0x10007dbe       0x12 c:/users/sundra/.platformio/packages/toolchain-gccarmnoneeabi@1.70201.0/bin/../lib/gcc/arm-none-eabi/7.2.1/../../../../arm-none-eabi/lib/thumb/v6-m\libc_nano.a(lib_a-mprec.o)
                0x10007dbe                __i2b
 .text.__multiply
                0x10007dd0      0x11e c:/users/sundra/.platformio/packages/toolchain-gccarmnoneeabi@1.70201.0/bin/../lib/gcc/arm-none-eabi/7.2.1/../../../../arm-none-eabi/lib/thumb/v6-m\libc_nano.a(lib_a-mprec.o)
                0x10007dd0                __multiply
 *fill*         0x10007eee        0x2 
 .text.__pow5mult
                0x10007ef0       0xa4 c:/users/sundra/.platformio/packages/toolchain-gccarmnoneeabi@1.70201.0/bin/../lib/gcc/arm-none-eabi/7.2.1/../../../../arm-none-eabi/lib/thumb/v6-m\libc_nano.a(lib_a-mprec.o)
                0x10007ef0                __pow5mult
 .text.__lshift
                0x10007f94       0xa4 c:/users/sundra/.platformio/packages/toolchain-gccarmnoneeabi@1.70201.0/bin/../lib/gcc/arm-none-eabi/7.2.1/../../../../arm-none-eabi/lib/thumb/v6-m\libc_nano.a(lib_a-mprec.o)
                0x10007f94                __lshift
 .text.__mcmp   0x10008038       0x34 c:/users/sundra/.platformio/packages/toolchain-gccarmnoneeabi@1.70201.0/bin/../lib/gcc/arm-none-eabi/7.2.1/../../../../arm-none-eabi/lib/thumb/v6-m\libc_nano.a(lib_a-mprec.o)
                0x10008038                __mcmp
 .text.__mdiff  0x1000806c       0xc8 c:/users/sundra/.platformio/packages/toolchain-gccarmnoneeabi@1.70201.0/bin/../lib/gcc/arm-none-eabi/7.2.1/../../../../arm-none-eabi/lib/thumb/v6-m\libc_nano.a(lib_a-mprec.o)
                0x1000806c                __mdiff
 .text.__ulp    0x10008134       0x4c c:/users/sundra/.platformio/packages/toolchain-gccarmnoneeabi@1.70201.0/bin/../lib/gcc/arm-none-eabi/7.2.1/../../../../arm-none-eabi/lib/thumb/v6-m\libc_nano.a(lib_a-mprec.o)
                0x10008134                __ulp
 .text.__b2d    0x10008180       0x98 c:/users/sundra/.platformio/packages/toolchain-gccarmnoneeabi@1.70201.0/bin/../lib/gcc/arm-none-eabi/7.2.1/../../../../arm-none-eabi/lib/thumb/v6-m\libc_nano.a(lib_a-mprec.o)
                0x10008180                __b2d
 .text.__d2b    0x10008218       0xa8 c:/users/sundra/.platformio/packages/toolchain-gccarmnoneeabi@1.70201.0/bin/../lib/gcc/arm-none-eabi/7.2.1/../../../../arm-none-eabi/lib/thumb/v6-m\libc_nano.a(lib_a-mprec.o)
                0x10008218                __d2b
 .text.__ratio  0x100082c0       0x4e c:/users/sundra/.platformio/packages/toolchain-gccarmnoneeabi@1.70201.0/bin/../lib/gcc/arm-none-eabi/7.2.1/../../../../arm-none-eabi/lib/thumb/v6-m\libc_nano.a(lib_a-mprec.o)
                0x100082c0                __ratio
 .text.__copybits
                0x1000830e       0x2c c:/users/sundra/.platformio/packages/toolchain-gccarmnoneeabi@1.70201.0/bin/../lib/gcc/arm-none-eabi/7.2.1/../../../../arm-none-eabi/lib/thumb/v6-m\libc_nano.a(lib_a-mprec.o)
                0x1000830e                __copybits
 .text.__any_on
                0x1000833a       0x44 c:/users/sundra/.platformio/packages/toolchain-gccarmnoneeabi@1.70201.0/bin/../lib/gcc/arm-none-eabi/7.2.1/../../../../arm-none-eabi/lib/thumb/v6-m\libc_nano.a(lib_a-mprec.o)
                0x1000833a                __any_on
 *fill*         0x1000837e        0x2 
 .text.__ssputs_r
                0x10008380       0xc4 c:/users/sundra/.platformio/packages/toolchain-gccarmnoneeabi@1.70201.0/bin/../lib/gcc/arm-none-eabi/7.2.1/../../../../arm-none-eabi/lib/thumb/v6-m\libc_nano.a(lib_a-nano-svfprintf.o)
                0x10008380                __ssputs_r
 .text._svfprintf_r
                0x10008444      0x1fc c:/users/sundra/.platformio/packages/toolchain-gccarmnoneeabi@1.70201.0/bin/../lib/gcc/arm-none-eabi/7.2.1/../../../../arm-none-eabi/lib/thumb/v6-m\libc_nano.a(lib_a-nano-svfprintf.o)
                0x10008444                _svfiprintf_r
                0x10008444                _svfprintf_r
 .text.__sfputc_r
                0x10008640       0x2a c:/users/sundra/.platformio/packages/toolchain-gccarmnoneeabi@1.70201.0/bin/../lib/gcc/arm-none-eabi/7.2.1/../../../../arm-none-eabi/lib/thumb/v6-m\libc_nano.a(lib_a-nano-vfprintf.o)
 .text.__sfputs_r
                0x1000866a       0x24 c:/users/sundra/.platformio/packages/toolchain-gccarmnoneeabi@1.70201.0/bin/../lib/gcc/arm-none-eabi/7.2.1/../../../../arm-none-eabi/lib/thumb/v6-m\libc_nano.a(lib_a-nano-vfprintf.o)
                0x1000866a                __sfputs_r
 *fill*         0x1000868e        0x2 
 .text._vfprintf_r
                0x10008690      0x22c c:/users/sundra/.platformio/packages/toolchain-gccarmnoneeabi@1.70201.0/bin/../lib/gcc/arm-none-eabi/7.2.1/../../../../arm-none-eabi/lib/thumb/v6-m\libc_nano.a(lib_a-nano-vfprintf.o)
                0x10008690                _vfprintf_r
                0x10008690                _vfiprintf_r
 .text._putc_r  0x100088bc       0x6c c:/users/sundra/.platformio/packages/toolchain-gccarmnoneeabi@1.70201.0/bin/../lib/gcc/arm-none-eabi/7.2.1/../../../../arm-none-eabi/lib/thumb/v6-m\libc_nano.a(lib_a-putc.o)
                0x100088bc                _putc_r
 .text.strncmp  0x10008928       0x22 c:/users/sundra/.platformio/packages/toolchain-gccarmnoneeabi@1.70201.0/bin/../lib/gcc/arm-none-eabi/7.2.1/../../../../arm-none-eabi/lib/thumb/v6-m\libc_nano.a(lib_a-strncmp.o)
                0x10008928                strncmp
 .text.__ascii_wctomb
                0x1000894a       0x18 c:/users/sundra/.platformio/packages/toolchain-gccarmnoneeabi@1.70201.0/bin/../lib/gcc/arm-none-eabi/7.2.1/../../../../arm-none-eabi/lib/thumb/v6-m\libc_nano.a(lib_a-wctomb_r.o)
                0x1000894a                __ascii_wctomb
 *fill*         0x10008962        0x2 
 .text._isatty_r
                0x10008964       0x24 c:/users/sundra/.platformio/packages/toolchain-gccarmnoneeabi@1.70201.0/bin/../lib/gcc/arm-none-eabi/7.2.1/../../../../arm-none-eabi/lib/thumb/v6-m\libc_nano.a(lib_a-isattyr.o)
                0x10008964                _isatty_r
 .text.memmove  0x10008988       0x26 c:/users/sundra/.platformio/packages/toolchain-gccarmnoneeabi@1.70201.0/bin/../lib/gcc/arm-none-eabi/7.2.1/../../../../arm-none-eabi/lib/thumb/v6-m\libc_nano.a(lib_a-memmove.o)
                0x10008988                memmove
 .text._realloc_r
                0x100089ae       0x4c c:/users/sundra/.platformio/packages/toolchain-gccarmnoneeabi@1.70201.0/bin/../lib/gcc/arm-none-eabi/7.2.1/../../../../arm-none-eabi/lib/thumb/v6-m\libc_nano.a(lib_a-nano-reallocr.o)
                0x100089ae                _realloc_r
 .text._malloc_usable_size_r
                0x100089fa       0x10 c:/users/sundra/.platformio/packages/toolchain-gccarmnoneeabi@1.70201.0/bin/../lib/gcc/arm-none-eabi/7.2.1/../../../../arm-none-eabi/lib/thumb/v6-m\libc_nano.a(lib_a-nano-msizer.o)
                0x100089fa                _malloc_usable_size_r
 *fill*         0x10008a0a        0x6 
 .text._malloc_usable_size_r.__stub
                0x10008a10      0x220 linker stubs
 *(.fini)
 *crtbegin.o(.ctors)
 *crtbegin?.o(.ctors)
 *(EXCLUDE_FILE(*crtend.o *crtend?.o) .ctors)
 *(SORT_BY_NAME(.ctors.*))
 *(.ctors)
 *crtbegin.o(.dtors)
 *crtbegin?.o(.dtors)
 *(EXCLUDE_FILE(*crtend.o *crtend?.o) .dtors)
 *(SORT_BY_NAME(.dtors.*))
 *(.dtors)
 *(.eh_frame*)
                0x10008c30                . = ALIGN (0x4)
 *fill*         0x10008c30        0x0 

.glue_7         0x10008c30        0x0
 .glue_7        0x10008c30        0x0 linker stubs

.glue_7t        0x10008c30        0x0
 .glue_7t       0x10008c30        0x0 linker stubs

.vfp11_veneer   0x10008c30        0x0
 .vfp11_veneer  0x10008c30        0x0 linker stubs

.v4_bx          0x10008c30        0x0
 .v4_bx         0x10008c30        0x0 linker stubs

.iplt           0x10008c30        0x0
 .iplt          0x10008c30        0x0 .pio\build\raspberry-pi-pico\sdk\wizio\newlib\syscall.o

.rodata         0x10008c30      0xa30
 *(EXCLUDE_FILE(*libm.a: *libc.a:*lib_a-mem*.o *libgcc.a:) .rodata*)
 .rodata.crlf_str.5994
                0x10008c30        0x2 .pio\build\raspberry-pi-pico\sdk\SDK\pico\pico_stdio\stdio.o
 .rodata.__bi_93.7030
                0x10008c32        0xc .pio\build\raspberry-pi-pico\sdk\SDK\pico\pico_stdio_usb\stdio_usb.o
 .rodata.str1.1
                0x10008c3e       0x13 .pio\build\raspberry-pi-pico\sdk\SDK\pico\pico_stdio_usb\stdio_usb.o
 .rodata.str1.1
                0x10008c51       0x1c .pio\build\raspberry-pi-pico\sdk\SDK\pico\pico_stdio_usb\stdio_usb_descriptors.o
 .rodata.usbd_desc_cfg
                0x10008c6d       0x4b .pio\build\raspberry-pi-pico\sdk\SDK\pico\pico_stdio_usb\stdio_usb_descriptors.o
 .rodata.usbd_desc_device
                0x10008cb8       0x12 .pio\build\raspberry-pi-pico\sdk\SDK\pico\pico_stdio_usb\stdio_usb_descriptors.o
 *fill*         0x10008cca        0x2 
 .rodata.usbd_desc_str
                0x10008ccc       0x14 .pio\build\raspberry-pi-pico\sdk\SDK\pico\pico_stdio_usb\stdio_usb_descriptors.o
 .rodata.__bi_28.4698
                0x10008ce0        0xc .pio\build\raspberry-pi-pico\sdk\SDK\pico\pico_stdio_uart\stdio_uart.o
 .rodata.__bi_29.4702
                0x10008cec        0x8 .pio\build\raspberry-pi-pico\sdk\SDK\pico\pico_stdio_uart\stdio_uart.o
 .rodata.str1.1
                0x10008cf4       0x2b .pio\build\raspberry-pi-pico\sdk\SDK\pico\pico_stdio_uart\stdio_uart.o
 .rodata.dcd_edpt_open.str1.1
                0x10008d1f       0x28 .pio\build\raspberry-pi-pico\sdk\SDK\pico\usb\portable\raspberrypi\rp2040\dcd_rp2040.o
 .rodata.dcd_rp2040_irq.str1.1
                0x10008d47       0x14 .pio\build\raspberry-pi-pico\sdk\SDK\pico\usb\portable\raspberrypi\rp2040\dcd_rp2040.o
 .rodata._hw_endpoint_buffer_control_update32.str1.1
                0x10008d5b       0x1f .pio\build\raspberry-pi-pico\sdk\SDK\pico\usb\portable\raspberrypi\rp2040\rp2040_usb.o
 .rodata._hw_endpoint_xfer_continue.str1.1
                0x10008d7a       0x4d .pio\build\raspberry-pi-pico\sdk\SDK\pico\usb\portable\raspberrypi\rp2040\rp2040_usb.o
 .rodata.str1.1
                0x10008dc7       0x4d .pio\build\raspberry-pi-pico\sdk\SDK\pico\usb\portable\raspberrypi\rp2040\rp2040_usb.o
                                  0x7 (size before relaxing)
 *fill*         0x10008dc7        0x1 
 .rodata._usbd_driver
                0x10008dc8       0x1c .pio\build\raspberry-pi-pico\sdk\SDK\pico\usb\device\usbd.o
 .rodata._pio_add_program_at_offset.str1.1
                0x10008de4       0x11 .pio\build\raspberry-pi-pico\sdk\SDK\hardware\pio.o
 .rodata.spin_lock_claim_unused.str1.1
                0x10008df5       0x1b .pio\build\raspberry-pi-pico\sdk\SDK\hardware\sync.o
 .rodata.hardware_alarm_claim.str1.1
                0x10008e10       0x22 .pio\build\raspberry-pi-pico\sdk\SDK\hardware\timer.o
 .rodata.__bi_35
                0x10008e32        0xc .pio\build\raspberry-pi-pico\sdk\SDK\pico\pico_bootsel_via_double_reset\pico_bootsel_via_double_reset.o
 .rodata.str1.1
                0x10008e3e       0x18 .pio\build\raspberry-pi-pico\sdk\SDK\pico\pico_bootsel_via_double_reset\pico_bootsel_via_double_reset.o
 .rodata.__wrap_malloc.str1.1
                0x10008e56        0xe .pio\build\raspberry-pi-pico\sdk\SDK\pico\pico_malloc\pico_malloc.o
 .rodata.hard_assertion_failure.str1.1
                0x10008e64        0xc .pio\build\raspberry-pi-pico\sdk\SDK\pico\pico_runtime\runtime.o
 .rodata.panic.str1.1
                0x10008e70       0x10 .pio\build\raspberry-pi-pico\sdk\SDK\pico\pico_runtime\runtime.o
                                 0x12 (size before relaxing)
 .rodata.__bi_87
                0x10008e80        0xc .pio\build\raspberry-pi-pico\sdk\SDK\pico\pico_standard_link\binary_info.o
 .rodata.str1.1
                0x10008e8c       0x20 .pio\build\raspberry-pi-pico\sdk\SDK\pico\pico_standard_link\binary_info.o
 *fill*         0x10008eac        0x4 
 .rodata.at_the_end_of_time
                0x10008eb0        0x8 .pio\build\raspberry-pi-pico\sdk\SDK\pico\pico_time\time.o
                0x10008eb0                at_the_end_of_time
 .rodata.ConsoleInit.str1.1
                0x10008eb8       0x4e .pio\build\raspberry-pi-pico\src\console.o
 .rodata.ConsoleProcess.str1.1
                0x10008f06       0x22 .pio\build\raspberry-pi-pico\src\console.o
 .rodata.ConsoleCommandData.str1.1
                0x10008f28       0x1c .pio\build\raspberry-pi-pico\src\consoleCommands.o
 .rodata.ConsoleCommandHelp.str1.1
                0x10008f44        0x4 .pio\build\raspberry-pi-pico\src\consoleCommands.o
 .rodata.ConsoleCommandParamExampleHexUint16.str1.1
                0x10008f48       0x10 .pio\build\raspberry-pi-pico\src\consoleCommands.o
 .rodata.ConsoleCommandParamExampleUint8.str1.1
                0x10008f58       0x15 .pio\build\raspberry-pi-pico\src\consoleCommands.o
 .rodata.ConsoleCommandVer.str1.1
                0x10008f6d       0x15 .pio\build\raspberry-pi-pico\src\consoleCommands.o
                                 0x18 (size before relaxing)
 *fill*         0x10008f82        0x2 
 .rodata.mConsoleCommandTable
                0x10008f84      0x240 .pio\build\raspberry-pi-pico\src\consoleCommands.o
 .rodata.str1.1
                0x100091c4       0x2e .pio\build\raspberry-pi-pico\src\consoleCommands.o
 .rodata.ConsoleIoSendString.str1.1
                0x100091f2       0x2e .pio\build\raspberry-pi-pico\src\consoleIo.o
                                  0x3 (size before relaxing)
 .rodata.main.str1.1
                0x100091f2      0x147 .pio\build\raspberry-pi-pico\src\main.o
 .rodata.ws2812_program
                0x10009339        0x6 .pio\build\raspberry-pi-pico\src\main.o
 *fill*         0x1000933f        0x1 
 .rodata.ws2812_program_instructions
                0x10009340        0x8 .pio\build\raspberry-pi-pico\src\main.o
 .rodata.__sf_fake_stderr
                0x10009348       0x20 c:/users/sundra/.platformio/packages/toolchain-gccarmnoneeabi@1.70201.0/bin/../lib/gcc/arm-none-eabi/7.2.1/../../../../arm-none-eabi/lib/thumb/v6-m\libc_nano.a(lib_a-findfp.o)
                0x10009348                __sf_fake_stderr
 .rodata.__sf_fake_stdin
                0x10009368       0x20 c:/users/sundra/.platformio/packages/toolchain-gccarmnoneeabi@1.70201.0/bin/../lib/gcc/arm-none-eabi/7.2.1/../../../../arm-none-eabi/lib/thumb/v6-m\libc_nano.a(lib_a-findfp.o)
                0x10009368                __sf_fake_stdin
 .rodata.__sf_fake_stdout
                0x10009388       0x20 c:/users/sundra/.platformio/packages/toolchain-gccarmnoneeabi@1.70201.0/bin/../lib/gcc/arm-none-eabi/7.2.1/../../../../arm-none-eabi/lib/thumb/v6-m\libc_nano.a(lib_a-findfp.o)
                0x10009388                __sf_fake_stdout
 .rodata._global_impure_ptr
                0x100093a8        0x4 c:/users/sundra/.platformio/packages/toolchain-gccarmnoneeabi@1.70201.0/bin/../lib/gcc/arm-none-eabi/7.2.1/../../../../arm-none-eabi/lib/thumb/v6-m\libc_nano.a(lib_a-impure.o)
                0x100093a8                _global_impure_ptr
 .rodata._printf_float.str1.1
                0x100093ac       0x12 c:/users/sundra/.platformio/packages/toolchain-gccarmnoneeabi@1.70201.0/bin/../lib/gcc/arm-none-eabi/7.2.1/../../../../arm-none-eabi/lib/thumb/v6-m\libc_nano.a(lib_a-nano-vfprintf_float.o)
 .rodata._printf_i.str1.1
                0x100093be       0x22 c:/users/sundra/.platformio/packages/toolchain-gccarmnoneeabi@1.70201.0/bin/../lib/gcc/arm-none-eabi/7.2.1/../../../../arm-none-eabi/lib/thumb/v6-m\libc_nano.a(lib_a-nano-vfprintf_i.o)
 .rodata._scanf_float.str1.1
                0x100093e0        0x5 c:/users/sundra/.platformio/packages/toolchain-gccarmnoneeabi@1.70201.0/bin/../lib/gcc/arm-none-eabi/7.2.1/../../../../arm-none-eabi/lib/thumb/v6-m\libc_nano.a(lib_a-nano-vfscanf_float.o)
 .rodata._strtod_l.str1.1
                0x100093e5        0x5 c:/users/sundra/.platformio/packages/toolchain-gccarmnoneeabi@1.70201.0/bin/../lib/gcc/arm-none-eabi/7.2.1/../../../../arm-none-eabi/lib/thumb/v6-m\libc_nano.a(lib_a-strtod.o)
                                  0xc (size before relaxing)
 *fill*         0x100093e5        0x3 
 .rodata.fpi.6156
                0x100093e8       0x14 c:/users/sundra/.platformio/packages/toolchain-gccarmnoneeabi@1.70201.0/bin/../lib/gcc/arm-none-eabi/7.2.1/../../../../arm-none-eabi/lib/thumb/v6-m\libc_nano.a(lib_a-strtod.o)
 .rodata.fpinan.6192
                0x100093fc       0x14 c:/users/sundra/.platformio/packages/toolchain-gccarmnoneeabi@1.70201.0/bin/../lib/gcc/arm-none-eabi/7.2.1/../../../../arm-none-eabi/lib/thumb/v6-m\libc_nano.a(lib_a-strtod.o)
 .rodata.tinytens
                0x10009410       0x28 c:/users/sundra/.platformio/packages/toolchain-gccarmnoneeabi@1.70201.0/bin/../lib/gcc/arm-none-eabi/7.2.1/../../../../arm-none-eabi/lib/thumb/v6-m\libc_nano.a(lib_a-strtod.o)
 .rodata._dtoa_r.str1.1
                0x10009438        0xd c:/users/sundra/.platformio/packages/toolchain-gccarmnoneeabi@1.70201.0/bin/../lib/gcc/arm-none-eabi/7.2.1/../../../../arm-none-eabi/lib/thumb/v6-m\libc_nano.a(lib_a-dtoa.o)
                                  0xf (size before relaxing)
 .rodata._setlocale_r.str1.1
                0x10009445        0x6 c:/users/sundra/.platformio/packages/toolchain-gccarmnoneeabi@1.70201.0/bin/../lib/gcc/arm-none-eabi/7.2.1/../../../../arm-none-eabi/lib/thumb/v6-m\libc_nano.a(lib_a-locale.o)
                                  0x9 (size before relaxing)
 .rodata.str1.1
                0x1000944b        0x6 c:/users/sundra/.platformio/packages/toolchain-gccarmnoneeabi@1.70201.0/bin/../lib/gcc/arm-none-eabi/7.2.1/../../../../arm-none-eabi/lib/thumb/v6-m\libc_nano.a(lib_a-locale.o)
                                  0x2 (size before relaxing)
 *fill*         0x1000944b        0x5 
 .rodata.__mprec_bigtens
                0x10009450       0x28 c:/users/sundra/.platformio/packages/toolchain-gccarmnoneeabi@1.70201.0/bin/../lib/gcc/arm-none-eabi/7.2.1/../../../../arm-none-eabi/lib/thumb/v6-m\libc_nano.a(lib_a-mprec.o)
                0x10009450                __mprec_bigtens
 .rodata.__mprec_tens
                0x10009478       0xc8 c:/users/sundra/.platformio/packages/toolchain-gccarmnoneeabi@1.70201.0/bin/../lib/gcc/arm-none-eabi/7.2.1/../../../../arm-none-eabi/lib/thumb/v6-m\libc_nano.a(lib_a-mprec.o)
                0x10009478                __mprec_tens
 .rodata.p05.6084
                0x10009540        0xc c:/users/sundra/.platformio/packages/toolchain-gccarmnoneeabi@1.70201.0/bin/../lib/gcc/arm-none-eabi/7.2.1/../../../../arm-none-eabi/lib/thumb/v6-m\libc_nano.a(lib_a-mprec.o)
 .rodata._svfprintf_r.str1.1
                0x1000954c       0x11 c:/users/sundra/.platformio/packages/toolchain-gccarmnoneeabi@1.70201.0/bin/../lib/gcc/arm-none-eabi/7.2.1/../../../../arm-none-eabi/lib/thumb/v6-m\libc_nano.a(lib_a-nano-svfprintf.o)
 .rodata._vfprintf_r.str1.1
                0x1000955d       0x11 c:/users/sundra/.platformio/packages/toolchain-gccarmnoneeabi@1.70201.0/bin/../lib/gcc/arm-none-eabi/7.2.1/../../../../arm-none-eabi/lib/thumb/v6-m\libc_nano.a(lib_a-nano-vfprintf.o)
 .rodata._ctype_
                0x1000955d      0x101 c:/users/sundra/.platformio/packages/toolchain-gccarmnoneeabi@1.70201.0/bin/../lib/gcc/arm-none-eabi/7.2.1/../../../../arm-none-eabi/lib/thumb/v6-m\libc_nano.a(lib_a-ctype_.o)
                0x1000955d                _ctype_
                0x10009660                . = ALIGN (0x4)
 *fill*         0x1000965e        0x2 
 *(SORT_BY_ALIGNMENT(SORT_BY_NAME(.flashdata*)))
                0x10009660                . = ALIGN (0x4)

.ARM.extab
 *(.ARM.extab* .gnu.linkonce.armextab.*)
                0x10009660                __exidx_start = .

.ARM.exidx      0x10009660        0x8
 *(.ARM.exidx* .gnu.linkonce.armexidx.*)
 .ARM.exidx     0x10009660        0x8 c:/users/sundra/.platformio/packages/toolchain-gccarmnoneeabi@1.70201.0/bin/../lib/gcc/arm-none-eabi/7.2.1/thumb/v6-m\libgcc.a(_udivmoddi4.o)
                0x10009668                __exidx_end = .

.rel.dyn        0x10009668        0x0
 .rel.iplt      0x10009668        0x0 .pio\build\raspberry-pi-pico\sdk\wizio\newlib\syscall.o
                0x10009668                . = ALIGN (0x4)
                0x10009668                __binary_info_start = .

.binary_info    0x10009668       0x20
 *(.binary_info.keep.*)
 .binary_info.keep.__bi_ptr35
                0x10009668        0x4 .pio\build\raspberry-pi-pico\sdk\SDK\pico\pico_bootsel_via_double_reset\pico_bootsel_via_double_reset.o
 .binary_info.keep.__bi_ptr23
                0x1000966c        0x4 .pio\build\raspberry-pi-pico\sdk\SDK\pico\pico_standard_link\binary_info.o
 .binary_info.keep.__bi_ptr31
                0x10009670        0x4 .pio\build\raspberry-pi-pico\sdk\SDK\pico\pico_standard_link\binary_info.o
 .binary_info.keep.__bi_ptr51
                0x10009674        0x4 .pio\build\raspberry-pi-pico\sdk\SDK\pico\pico_standard_link\binary_info.o
 .binary_info.keep.__bi_ptr87
                0x10009678        0x4 .pio\build\raspberry-pi-pico\sdk\SDK\pico\pico_standard_link\binary_info.o
 *(.binary_info.*)
 .binary_info.__bi_ptr93
                0x1000967c        0x4 .pio\build\raspberry-pi-pico\sdk\SDK\pico\pico_stdio_usb\stdio_usb.o
 .binary_info.__bi_ptr28
                0x10009680        0x4 .pio\build\raspberry-pi-pico\sdk\SDK\pico\pico_stdio_uart\stdio_uart.o
 .binary_info.__bi_ptr29
                0x10009684        0x4 .pio\build\raspberry-pi-pico\sdk\SDK\pico\pico_stdio_uart\stdio_uart.o
                0x10009688                __binary_info_end = .
                0x10009688                . = ALIGN (0x4)
                0x10009688                __etext = .

.ram_vector_table
                0x20000000       0xc0
 *(.ram_vector_table)
 .ram_vector_table
                0x20000000       0xc0 .pio\build\raspberry-pi-pico\sdk\SDK\pico\pico_runtime\runtime.o
                0x20000000                ram_vector_table

.data           0x200000c0     0x347c load address 0x10009688
                0x200000c0                __data_start__ = .
 *(vtable)
 *(.time_critical*)
 .time_critical.flash_init_boot2_copyout
                0x200000c0       0x34 .pio\build\raspberry-pi-pico\sdk\SDK\hardware\flash.o
 .time_critical.flash_enable_xip_via_boot2
                0x200000f4       0x10 .pio\build\raspberry-pi-pico\sdk\SDK\hardware\flash.o
 .time_critical.flash_cs_force
                0x20000104       0x24 .pio\build\raspberry-pi-pico\sdk\SDK\hardware\flash.o
 .time_critical.flash_do_cmd
                0x20000128       0x90 .pio\build\raspberry-pi-pico\sdk\SDK\hardware\flash.o
                0x20000128                flash_do_cmd
 .time_critical.mutex_enter_blocking
                0x200001b8       0x5a .pio\build\raspberry-pi-pico\sdk\SDK\pico\pico_sync\mutex.o
                0x200001b8                mutex_enter_blocking
 .time_critical.mutex_try_enter
                0x20000212       0x54 .pio\build\raspberry-pi-pico\sdk\SDK\pico\pico_sync\mutex.o
                0x20000212                mutex_try_enter
 .time_critical.mutex_enter_block_until
                0x20000266       0x6a .pio\build\raspberry-pi-pico\sdk\SDK\pico\pico_sync\mutex.o
                0x20000266                mutex_enter_block_until
 .time_critical.mutex_enter_timeout_ms
                0x200002d0       0x3c .pio\build\raspberry-pi-pico\sdk\SDK\pico\pico_sync\mutex.o
                0x200002d0                mutex_enter_timeout_ms
 .time_critical.mutex_exit
                0x2000030c       0x50 .pio\build\raspberry-pi-pico\sdk\SDK\pico\pico_sync\mutex.o
                0x2000030c                mutex_exit
 *(.text*)
 .text          0x2000035c       0x14 c:/users/sundra/.platformio/packages/toolchain-gccarmnoneeabi@1.70201.0/bin/../lib/gcc/arm-none-eabi/7.2.1/thumb/v6-m\libgcc.a(_thumb1_case_uqi.o)
                0x2000035c                __gnu_thumb1_case_uqi
 .text          0x20000370       0x14 c:/users/sundra/.platformio/packages/toolchain-gccarmnoneeabi@1.70201.0/bin/../lib/gcc/arm-none-eabi/7.2.1/thumb/v6-m\libgcc.a(_thumb1_case_shi.o)
                0x20000370                __gnu_thumb1_case_shi
 .text          0x20000384       0x14 c:/users/sundra/.platformio/packages/toolchain-gccarmnoneeabi@1.70201.0/bin/../lib/gcc/arm-none-eabi/7.2.1/thumb/v6-m\libgcc.a(_thumb1_case_uhi.o)
                0x20000384                __gnu_thumb1_case_uhi
 .text          0x20000398      0x114 c:/users/sundra/.platformio/packages/toolchain-gccarmnoneeabi@1.70201.0/bin/../lib/gcc/arm-none-eabi/7.2.1/thumb/v6-m\libgcc.a(_udivsi3.o)
                0x20000398                __aeabi_uidiv
                0x20000398                __udivsi3
                0x200004a4                __aeabi_uidivmod
 .text          0x200004ac      0x1d4 c:/users/sundra/.platformio/packages/toolchain-gccarmnoneeabi@1.70201.0/bin/../lib/gcc/arm-none-eabi/7.2.1/thumb/v6-m\libgcc.a(_divsi3.o)
                0x200004ac                __divsi3
                0x200004ac                __aeabi_idiv
                0x20000678                __aeabi_idivmod
 .text          0x20000680        0x4 c:/users/sundra/.platformio/packages/toolchain-gccarmnoneeabi@1.70201.0/bin/../lib/gcc/arm-none-eabi/7.2.1/thumb/v6-m\libgcc.a(_dvmd_tls.o)
                0x20000680                __aeabi_idiv0
                0x20000680                __aeabi_ldiv0
 .text          0x20000684       0x40 c:/users/sundra/.platformio/packages/toolchain-gccarmnoneeabi@1.70201.0/bin/../lib/gcc/arm-none-eabi/7.2.1/thumb/v6-m\libgcc.a(_aeabi_uldivmod.o)
                0x20000684                __aeabi_uldivmod
 .text          0x200006c4       0x54 c:/users/sundra/.platformio/packages/toolchain-gccarmnoneeabi@1.70201.0/bin/../lib/gcc/arm-none-eabi/7.2.1/thumb/v6-m\libgcc.a(_muldi3.o)
                0x200006c4                __muldi3
                0x200006c4                __aeabi_lmul
 .text          0x20000718       0x30 c:/users/sundra/.platformio/packages/toolchain-gccarmnoneeabi@1.70201.0/bin/../lib/gcc/arm-none-eabi/7.2.1/thumb/v6-m\libgcc.a(_fixunssfsi.o)
                0x20000718                __fixunssfsi
                0x20000718                __aeabi_f2uiz
 .text          0x20000748      0x184 c:/users/sundra/.platformio/packages/toolchain-gccarmnoneeabi@1.70201.0/bin/../lib/gcc/arm-none-eabi/7.2.1/thumb/v6-m\libgcc.a(_udivmoddi4.o)
                0x20000748                __udivmoddi4
 .text          0x200008cc      0x224 c:/users/sundra/.platformio/packages/toolchain-gccarmnoneeabi@1.70201.0/bin/../lib/gcc/arm-none-eabi/7.2.1/thumb/v6-m\libgcc.a(divsf3.o)
                0x200008cc                __aeabi_fdiv
 .text          0x20000af0      0x264 c:/users/sundra/.platformio/packages/toolchain-gccarmnoneeabi@1.70201.0/bin/../lib/gcc/arm-none-eabi/7.2.1/thumb/v6-m\libgcc.a(mulsf3.o)
                0x20000af0                __aeabi_fmul
 .text          0x20000d54      0x388 c:/users/sundra/.platformio/packages/toolchain-gccarmnoneeabi@1.70201.0/bin/../lib/gcc/arm-none-eabi/7.2.1/thumb/v6-m\libgcc.a(subsf3.o)
                0x20000d54                __aeabi_fsub
 .text          0x200010dc       0x40 c:/users/sundra/.platformio/packages/toolchain-gccarmnoneeabi@1.70201.0/bin/../lib/gcc/arm-none-eabi/7.2.1/thumb/v6-m\libgcc.a(fixsfsi.o)